Archive member included to satisfy reference by file (symbol)

/home/user/Ac6/SystemWorkbench/plugins/fr.ac6.mcu.externaltools.arm-none.linux64_1.15.0.201708311556/tools/compiler/bin/../lib/gcc/arm-none-eabi/6.3.1/../../../../arm-none-eabi/lib/thumb/v7-m/libm.a(lib_a-s_cos.o)
                              Drivers/STM32F10x_Speex_Lib/libspeex/smallft.o (cos)
/home/user/Ac6/SystemWorkbench/plugins/fr.ac6.mcu.externaltools.arm-none.linux64_1.15.0.201708311556/tools/compiler/bin/../lib/gcc/arm-none-eabi/6.3.1/../../../../arm-none-eabi/lib/thumb/v7-m/libm.a(lib_a-s_floor.o)
                              Drivers/STM32F10x_Speex_Lib/libspeex/fftwrap.o (floor)
/home/user/Ac6/SystemWorkbench/plugins/fr.ac6.mcu.externaltools.arm-none.linux64_1.15.0.201708311556/tools/compiler/bin/../lib/gcc/arm-none-eabi/6.3.1/../../../../arm-none-eabi/lib/thumb/v7-m/libm.a(lib_a-s_sin.o)
                              Drivers/STM32F10x_Speex_Lib/libspeex/resample.o (sin)
/home/user/Ac6/SystemWorkbench/plugins/fr.ac6.mcu.externaltools.arm-none.linux64_1.15.0.201708311556/tools/compiler/bin/../lib/gcc/arm-none-eabi/6.3.1/../../../../arm-none-eabi/lib/thumb/v7-m/libm.a(lib_a-e_rem_pio2.o)
                              /home/user/Ac6/SystemWorkbench/plugins/fr.ac6.mcu.externaltools.arm-none.linux64_1.15.0.201708311556/tools/compiler/bin/../lib/gcc/arm-none-eabi/6.3.1/../../../../arm-none-eabi/lib/thumb/v7-m/libm.a(lib_a-s_cos.o) (__ieee754_rem_pio2)
/home/user/Ac6/SystemWorkbench/plugins/fr.ac6.mcu.externaltools.arm-none.linux64_1.15.0.201708311556/tools/compiler/bin/../lib/gcc/arm-none-eabi/6.3.1/../../../../arm-none-eabi/lib/thumb/v7-m/libm.a(lib_a-k_cos.o)
                              /home/user/Ac6/SystemWorkbench/plugins/fr.ac6.mcu.externaltools.arm-none.linux64_1.15.0.201708311556/tools/compiler/bin/../lib/gcc/arm-none-eabi/6.3.1/../../../../arm-none-eabi/lib/thumb/v7-m/libm.a(lib_a-s_cos.o) (__kernel_cos)
/home/user/Ac6/SystemWorkbench/plugins/fr.ac6.mcu.externaltools.arm-none.linux64_1.15.0.201708311556/tools/compiler/bin/../lib/gcc/arm-none-eabi/6.3.1/../../../../arm-none-eabi/lib/thumb/v7-m/libm.a(lib_a-k_rem_pio2.o)
                              /home/user/Ac6/SystemWorkbench/plugins/fr.ac6.mcu.externaltools.arm-none.linux64_1.15.0.201708311556/tools/compiler/bin/../lib/gcc/arm-none-eabi/6.3.1/../../../../arm-none-eabi/lib/thumb/v7-m/libm.a(lib_a-e_rem_pio2.o) (__kernel_rem_pio2)
/home/user/Ac6/SystemWorkbench/plugins/fr.ac6.mcu.externaltools.arm-none.linux64_1.15.0.201708311556/tools/compiler/bin/../lib/gcc/arm-none-eabi/6.3.1/../../../../arm-none-eabi/lib/thumb/v7-m/libm.a(lib_a-k_sin.o)
                              /home/user/Ac6/SystemWorkbench/plugins/fr.ac6.mcu.externaltools.arm-none.linux64_1.15.0.201708311556/tools/compiler/bin/../lib/gcc/arm-none-eabi/6.3.1/../../../../arm-none-eabi/lib/thumb/v7-m/libm.a(lib_a-s_cos.o) (__kernel_sin)
/home/user/Ac6/SystemWorkbench/plugins/fr.ac6.mcu.externaltools.arm-none.linux64_1.15.0.201708311556/tools/compiler/bin/../lib/gcc/arm-none-eabi/6.3.1/../../../../arm-none-eabi/lib/thumb/v7-m/libm.a(lib_a-s_fabs.o)
                              /home/user/Ac6/SystemWorkbench/plugins/fr.ac6.mcu.externaltools.arm-none.linux64_1.15.0.201708311556/tools/compiler/bin/../lib/gcc/arm-none-eabi/6.3.1/../../../../arm-none-eabi/lib/thumb/v7-m/libm.a(lib_a-e_rem_pio2.o) (fabs)
/home/user/Ac6/SystemWorkbench/plugins/fr.ac6.mcu.externaltools.arm-none.linux64_1.15.0.201708311556/tools/compiler/bin/../lib/gcc/arm-none-eabi/6.3.1/../../../../arm-none-eabi/lib/thumb/v7-m/libm.a(lib_a-s_scalbn.o)
                              /home/user/Ac6/SystemWorkbench/plugins/fr.ac6.mcu.externaltools.arm-none.linux64_1.15.0.201708311556/tools/compiler/bin/../lib/gcc/arm-none-eabi/6.3.1/../../../../arm-none-eabi/lib/thumb/v7-m/libm.a(lib_a-k_rem_pio2.o) (scalbn)
/home/user/Ac6/SystemWorkbench/plugins/fr.ac6.mcu.externaltools.arm-none.linux64_1.15.0.201708311556/tools/compiler/bin/../lib/gcc/arm-none-eabi/6.3.1/../../../../arm-none-eabi/lib/thumb/v7-m/libm.a(lib_a-s_copysign.o)
                              /home/user/Ac6/SystemWorkbench/plugins/fr.ac6.mcu.externaltools.arm-none.linux64_1.15.0.201708311556/tools/compiler/bin/../lib/gcc/arm-none-eabi/6.3.1/../../../../arm-none-eabi/lib/thumb/v7-m/libm.a(lib_a-s_scalbn.o) (copysign)
/home/user/Ac6/SystemWorkbench/plugins/fr.ac6.mcu.externaltools.arm-none.linux64_1.15.0.201708311556/tools/compiler/bin/../lib/gcc/arm-none-eabi/6.3.1/thumb/v7-m/libgcc.a(_arm_addsubdf3.o)
                              Drivers/STM32F10x_Speex_Lib/libspeex/resample.o (__aeabi_dsub)
/home/user/Ac6/SystemWorkbench/plugins/fr.ac6.mcu.externaltools.arm-none.linux64_1.15.0.201708311556/tools/compiler/bin/../lib/gcc/arm-none-eabi/6.3.1/thumb/v7-m/libgcc.a(_arm_muldivdf3.o)
                              Drivers/STM32F10x_Speex_Lib/libspeex/resample.o (__aeabi_dmul)
[...]
Memory Configuration

Name             Origin             Length             Attributes
RAM              0x0000000020000000 0x0000000000010000 xrw
FLASH            0x0000000008000000 0x0000000000080000 xr
*default*        0x0000000000000000 0xffffffffffffffff

Linker script and memory map

LOAD /home/user/Ac6/SystemWorkbench/plugins/fr.ac6.mcu.externaltools.arm-none.linux64_1.15.0.201708311556/tools/compiler/bin/../lib/gcc/arm-none-eabi/6.3.1/thumb/v7-m/crti.o
LOAD /home/user/Ac6/SystemWorkbench/plugins/fr.ac6.mcu.externaltools.arm-none.linux64_1.15.0.201708311556/tools/compiler/bin/../lib/gcc/arm-none-eabi/6.3.1/thumb/v7-m/crtbegin.o
LOAD /home/user/Ac6/SystemWorkbench/plugins/fr.ac6.mcu.externaltools.arm-none.linux64_1.15.0.201708311556/tools/compiler/bin/../lib/gcc/arm-none-eabi/6.3.1/../../../../arm-none-eabi/lib/thumb/v7-m/crt0.o
LOAD Drivers/LCD for STM32F103RET/tm_stm32_delay.o
LOAD Drivers/LCD for STM32F103RET/tm_stm32_gpio.o
LOAD Drivers/LCD for STM32F103RET/tm_stm32_hd44780.o
LOAD Drivers/STM32F10x_Speex_Lib/STM32/libspeex/cb_search.o
LOAD Drivers/STM32F10x_Speex_Lib/STM32/libspeex/filters.o
LOAD Drivers/STM32F10x_Speex_Lib/STM32/libspeex/ltp.o
LOAD Drivers/STM32F10x_Speex_Lib/STM32/libspeex/modes.o
LOAD Drivers/STM32F10x_Speex_Lib/STM32/libspeex/nb_celp.o
LOAD Drivers/STM32F10x_Speex_Lib/STM32/libspeex/quant_lsp.o
LOAD Drivers/STM32F10x_Speex_Lib/STM32/libspeex/vq.o
LOAD Drivers/STM32F10x_Speex_Lib/STM32/libspeex/gcc/filters_cortexM3.o
LOAD Drivers/STM32F10x_Speex_Lib/STM32/libspeex/gcc/ltp_cortexM3.o
LOAD Drivers/STM32F10x_Speex_Lib/STM32/libspeex/gcc/vq_cortexm3.o
LOAD Drivers/STM32F10x_Speex_Lib/libspeex/bits.o
LOAD Drivers/STM32F10x_Speex_Lib/libspeex/buffer.o
LOAD Drivers/STM32F10x_Speex_Lib/libspeex/exc_10_16_table.o
LOAD Drivers/STM32F10x_Speex_Lib/libspeex/exc_10_32_table.o
LOAD Drivers/STM32F10x_Speex_Lib/libspeex/exc_20_32_table.o
LOAD Drivers/STM32F10x_Speex_Lib/libspeex/exc_5_256_table.o
LOAD Drivers/STM32F10x_Speex_Lib/libspeex/exc_5_64_table.o
LOAD Drivers/STM32F10x_Speex_Lib/libspeex/exc_8_128_table.o
LOAD Drivers/STM32F10x_Speex_Lib/libspeex/fftwrap.o
LOAD Drivers/STM32F10x_Speex_Lib/libspeex/filterbank.o
LOAD Drivers/STM32F10x_Speex_Lib/libspeex/gain_table.o
LOAD Drivers/STM32F10x_Speex_Lib/libspeex/gain_table_lbr.o
LOAD Drivers/STM32F10x_Speex_Lib/libspeex/hexc_10_32_table.o
LOAD Drivers/STM32F10x_Speex_Lib/libspeex/hexc_table.o
LOAD Drivers/STM32F10x_Speex_Lib/libspeex/high_lsp_tables.o
LOAD Drivers/STM32F10x_Speex_Lib/libspeex/jitter.o
LOAD Drivers/STM32F10x_Speex_Lib/libspeex/kiss_fft.o
LOAD Drivers/STM32F10x_Speex_Lib/libspeex/kiss_fftr.o
LOAD Drivers/STM32F10x_Speex_Lib/libspeex/lpc.o
LOAD Drivers/STM32F10x_Speex_Lib/libspeex/lsp.o
LOAD Drivers/STM32F10x_Speex_Lib/libspeex/lsp_tables_nb.o
LOAD Drivers/STM32F10x_Speex_Lib/libspeex/mdf.o
LOAD Drivers/STM32F10x_Speex_Lib/libspeex/modes_wb.o
LOAD Drivers/STM32F10x_Speex_Lib/libspeex/preprocess.o
LOAD Drivers/STM32F10x_Speex_Lib/libspeex/resample.o
LOAD Drivers/STM32F10x_Speex_Lib/libspeex/sb_celp.o
LOAD Drivers/STM32F10x_Speex_Lib/libspeex/smallft.o
LOAD Drivers/STM32F10x_Speex_Lib/libspeex/speex.o
LOAD Drivers/STM32F10x_Speex_Lib/libspeex/speex_callbacks.o
LOAD Drivers/STM32F10x_Speex_Lib/libspeex/speex_header.o
LOAD Drivers/STM32F10x_Speex_Lib/libspeex/stereo.o
LOAD Drivers/STM32F10x_Speex_Lib/libspeex/vbr.o
LOAD Drivers/STM32F10x_Speex_Lib/libspeex/window.o
LOAD Drivers/STM32F1xx_HAL_Driver/Src/stm32f1xx_hal.o
LOAD Drivers/STM32F1xx_HAL_Driver/Src/stm32f1xx_hal_cortex.o
LOAD Drivers/STM32F1xx_HAL_Driver/Src/stm32f1xx_hal_dac.o
LOAD Drivers/STM32F1xx_HAL_Driver/Src/stm32f1xx_hal_dac_ex.o
LOAD Drivers/STM32F1xx_HAL_Driver/Src/stm32f1xx_hal_dma.o
LOAD Drivers/STM32F1xx_HAL_Driver/Src/stm32f1xx_hal_flash.o
LOAD Drivers/STM32F1xx_HAL_Driver/Src/stm32f1xx_hal_flash_ex.o
LOAD Drivers/STM32F1xx_HAL_Driver/Src/stm32f1xx_hal_gpio.o
LOAD Drivers/STM32F1xx_HAL_Driver/Src/stm32f1xx_hal_gpio_ex.o
LOAD Drivers/STM32F1xx_HAL_Driver/Src/stm32f1xx_hal_pwr.o
LOAD Drivers/STM32F1xx_HAL_Driver/Src/stm32f1xx_hal_rcc.o
LOAD Drivers/STM32F1xx_HAL_Driver/Src/stm32f1xx_hal_rcc_ex.o
LOAD Drivers/STM32F1xx_HAL_Driver/Src/stm32f1xx_hal_spi.o
LOAD Drivers/STM32F1xx_HAL_Driver/Src/stm32f1xx_hal_spi_ex.o
LOAD Drivers/STM32F1xx_HAL_Driver/Src/stm32f1xx_hal_tim.o
LOAD Drivers/STM32F1xx_HAL_Driver/Src/stm32f1xx_hal_tim_ex.o
LOAD Drivers/STM32F1xx_HAL_Driver/Src/stm32f1xx_hal_uart.o
LOAD Drivers/uart/conspeex.o
LOAD Middlewares/Third_Party/FreeRTOS/Source/CMSIS_RTOS/cmsis_os.o
LOAD Middlewares/Third_Party/FreeRTOS/Source/croutine.o
LOAD Middlewares/Third_Party/FreeRTOS/Source/event_groups.o
LOAD Middlewares/Third_Party/FreeRTOS/Source/list.o
LOAD Middlewares/Third_Party/FreeRTOS/Source/queue.o
LOAD Middlewares/Third_Party/FreeRTOS/Source/tasks.o
LOAD Middlewares/Third_Party/FreeRTOS/Source/timers.o
LOAD Middlewares/Third_Party/FreeRTOS/Source/portable/GCC/ARM_CM3/port.o
LOAD Middlewares/Third_Party/FreeRTOS/Source/portable/MemMang/heap_3.o
LOAD Src/freertos.o
LOAD Src/main.o
LOAD Src/stm32f1xx_hal_msp.o
LOAD Src/stm32f1xx_hal_timebase_TIM.o
LOAD Src/stm32f1xx_it.o
LOAD Src/system_stm32f1xx.o
LOAD startup/startup_stm32f103xe.o
LOAD /home/user/Ac6/SystemWorkbench/plugins/fr.ac6.mcu.externaltools.arm-none.linux64_1.15.0.201708311556/tools/compiler/bin/../lib/gcc/arm-none-eabi/6.3.1/../../../../arm-none-eabi/lib/thumb/v7-m/libm.a
START GROUP
LOAD /home/user/Ac6/SystemWorkbench/plugins/fr.ac6.mcu.externaltools.arm-none.linux64_1.15.0.201708311556/tools/compiler/bin/../lib/gcc/arm-none-eabi/6.3.1/thumb/v7-m/libgcc.a
LOAD /home/user/Ac6/SystemWorkbench/plugins/fr.ac6.mcu.externaltools.arm-none.linux64_1.15.0.201708311556/tools/compiler/bin/../lib/gcc/arm-none-eabi/6.3.1/../../../../arm-none-eabi/lib/thumb/v7-m/libc_nano.a
END GROUP
START GROUP
LOAD /home/user/Ac6/SystemWorkbench/plugins/fr.ac6.mcu.externaltools.arm-none.linux64_1.15.0.201708311556/tools/compiler/bin/../lib/gcc/arm-none-eabi/6.3.1/thumb/v7-m/libgcc.a
LOAD /home/user/Ac6/SystemWorkbench/plugins/fr.ac6.mcu.externaltools.arm-none.linux64_1.15.0.201708311556/tools/compiler/bin/../lib/gcc/arm-none-eabi/6.3.1/../../../../arm-none-eabi/lib/thumb/v7-m/libc_nano.a
LOAD /home/user/Ac6/SystemWorkbench/plugins/fr.ac6.mcu.externaltools.arm-none.linux64_1.15.0.201708311556/tools/compiler/bin/../lib/gcc/arm-none-eabi/6.3.1/../../../../arm-none-eabi/lib/thumb/v7-m/libnosys.a
END GROUP
START GROUP
LOAD /home/user/Ac6/SystemWorkbench/plugins/fr.ac6.mcu.externaltools.arm-none.linux64_1.15.0.201708311556/tools/compiler/bin/../lib/gcc/arm-none-eabi/6.3.1/thumb/v7-m/libgcc.a
LOAD /home/user/Ac6/SystemWorkbench/plugins/fr.ac6.mcu.externaltools.arm-none.linux64_1.15.0.201708311556/tools/compiler/bin/../lib/gcc/arm-none-eabi/6.3.1/../../../../arm-none-eabi/lib/thumb/v7-m/libc_nano.a
LOAD /home/user/Ac6/SystemWorkbench/plugins/fr.ac6.mcu.externaltools.arm-none.linux64_1.15.0.201708311556/tools/compiler/bin/../lib/gcc/arm-none-eabi/6.3.1/../../../../arm-none-eabi/lib/thumb/v7-m/libnosys.a
END GROUP
LOAD /home/user/Ac6/SystemWorkbench/plugins/fr.ac6.mcu.externaltools.arm-none.linux64_1.15.0.201708311556/tools/compiler/bin/../lib/gcc/arm-none-eabi/6.3.1/thumb/v7-m/crtend.o
LOAD /home/user/Ac6/SystemWorkbench/plugins/fr.ac6.mcu.externaltools.arm-none.linux64_1.15.0.201708311556/tools/compiler/bin/../lib/gcc/arm-none-eabi/6.3.1/thumb/v7-m/crtn.o
                0x0000000020010000                _estack = 0x20010000
                0x0000000000002000                _Min_Heap_Size = 0x2000
                0x0000000000004000                _Min_Stack_Size = 0x4000

.isr_vector     0x0000000008000000      0x1e4
                0x0000000008000000                . = ALIGN (0x4)
 *(.isr_vector)
 .isr_vector    0x0000000008000000      0x1e4 startup/startup_stm32f103xe.o
                0x0000000008000000                g_pfnVectors
                0x00000000080001e4                . = ALIGN (0x4)

.text           0x00000000080001f0     0xac48
                0x00000000080001f0                . = ALIGN (0x4)
 *(.text)
 .text          0x00000000080001f0       0x6c /home/user/Ac6/SystemWorkbench/plugins/fr.ac6.mcu.externaltools.arm-none.linux64_1.15.0.201708311556/tools/compiler/bin/../lib/gcc/arm-none-eabi/6.3.1/thumb/v7-m/crtbegin.o
 .text          0x000000000800025c      0x2b4 Drivers/STM32F10x_Speex_Lib/STM32/libspeex/gcc/filters_cortexM3.o
                0x000000000800025c                filter_mem16
                0x0000000008000382                iir_mem16
                0x000000000800044c                fir_mem16
 .text          0x0000000008000510      0x23e Drivers/STM32F10x_Speex_Lib/STM32/libspeex/gcc/ltp_cortexM3.o
                0x0000000008000510                inner_prod
 .text          0x000000000800074e       0xaa Drivers/STM32F10x_Speex_Lib/STM32/libspeex/gcc/vq_cortexm3.o
                0x000000000800074e                vq_nbest
 .text          0x00000000080007f8       0x10 /home/user/Ac6/SystemWorkbench/plugins/fr.ac6.mcu.externaltools.arm-none.linux64_1.15.0.201708311556/tools/compiler/bin/../lib/gcc/arm-none-eabi/6.3.1/../../../../arm-none-eabi/lib/thumb/v7-m/libc_nano.a(lib_a-strlen.o)
                0x00000000080007f8                strlen
 *(.text*)
 .text.TM_DELAY_Init
                0x0000000008000808       0x3c Drivers/LCD for STM32F103RET/tm_stm32_delay.o
                0x0000000008000808                TM_DELAY_Init
 .text.TM_DELAY_1msHandler
                0x0000000008000844        0x2 Drivers/LCD for STM32F103RET/tm_stm32_delay.o
                0x0000000008000844                TM_DELAY_1msHandler
 *fill*         0x0000000008000846        0x2 
 .text.HAL_IncTick
                0x0000000008000848       0x84 Drivers/LCD for STM32F103RET/tm_stm32_delay.o
                0x0000000008000848                HAL_IncTick
 .text.HAL_GetTick
                0x00000000080008cc        0xc Drivers/LCD for STM32F103RET/tm_stm32_delay.o
                0x00000000080008cc                HAL_GetTick
 .text.TM_HD44780_Cmd4bit
                0x00000000080008d8       0xc4 Drivers/LCD for STM32F103RET/tm_stm32_hd44780.o
 .text.TM_HD44780_Cmd
                0x000000000800099c       0x20 Drivers/LCD for STM32F103RET/tm_stm32_hd44780.o
 .text.TM_HD44780_CursorSet
                0x00000000080009bc       0x40 Drivers/LCD for STM32F103RET/tm_stm32_hd44780.o
 .text.TM_HD44780_Data
                0x00000000080009fc       0x20 Drivers/LCD for STM32F103RET/tm_stm32_hd44780.o
 .text.TM_HD44780_Clear
                0x0000000008000a1c       0x34 Drivers/LCD for STM32F103RET/tm_stm32_hd44780.o
                0x0000000008000a1c                TM_HD44780_Clear
 .text.TM_HD44780_DisplayOn
                0x0000000008000a50       0x1c Drivers/LCD for STM32F103RET/tm_stm32_hd44780.o
                0x0000000008000a50                TM_HD44780_DisplayOn
 .text.TM_HD44780_Init
                0x0000000008000a6c      0x110 Drivers/LCD for STM32F103RET/tm_stm32_hd44780.o
                0x0000000008000a6c                TM_HD44780_Init
 .text.TM_HD44780_ScrollLeft
                0x0000000008000b7c        0xa Drivers/LCD for STM32F103RET/tm_stm32_hd44780.o
                0x0000000008000b7c                TM_HD44780_ScrollLeft
 .text.TM_HD44780_PutCustom
                0x0000000008000b86       0x10 Drivers/LCD for STM32F103RET/tm_stm32_hd44780.o
                0x0000000008000b86                TM_HD44780_PutCustom
 .text.ConvertRus
                0x0000000008000b96      0x3b0 Drivers/LCD for STM32F103RET/tm_stm32_hd44780.o
                0x0000000008000b96                ConvertRus
 *fill*         0x0000000008000f46        0x2 
 .text.TM_HD44780_Puts
                0x0000000008000f48       0xd4 Drivers/LCD for STM32F103RET/tm_stm32_hd44780.o
                0x0000000008000f48                TM_HD44780_Puts
 .text.split_cb_search_shape_sign
                0x000000000800101c      0x46c Drivers/STM32F10x_Speex_Lib/STM32/libspeex/cb_search.o
                0x000000000800101c                split_cb_search_shape_sign
 .text.split_cb_shape_sign_unquant
                0x0000000008001488       0xd0 Drivers/STM32F10x_Speex_Lib/STM32/libspeex/cb_search.o
                0x0000000008001488                split_cb_shape_sign_unquant
 .text.noise_codebook_quant
                0x0000000008001558       0x56 Drivers/STM32F10x_Speex_Lib/STM32/libspeex/cb_search.o
                0x0000000008001558                noise_codebook_quant
 .text.compute_impulse_response
                0x00000000080015ae      0x34a Drivers/STM32F10x_Speex_Lib/STM32/libspeex/filters.o
                0x00000000080015ae                compute_impulse_response
 .text.bw_lpc   0x00000000080018f8       0x30 Drivers/STM32F10x_Speex_Lib/STM32/libspeex/filters.o
                0x00000000080018f8                bw_lpc
 .text.sanitize_values32
                0x0000000008001928       0x34 Drivers/STM32F10x_Speex_Lib/STM32/libspeex/filters.o
                0x0000000008001928                sanitize_values32
 .text.highpass
                0x000000000800195c      0x108 Drivers/STM32F10x_Speex_Lib/STM32/libspeex/filters.o
                0x000000000800195c                highpass
 .text.signal_mul
                0x0000000008001a64       0x30 Drivers/STM32F10x_Speex_Lib/STM32/libspeex/filters.o
                0x0000000008001a64                signal_mul
 .text.signal_div
                0x0000000008001a94       0xaa Drivers/STM32F10x_Speex_Lib/STM32/libspeex/filters.o
                0x0000000008001a94                signal_div
 .text.compute_rms
                0x0000000008001b3e      0x10a Drivers/STM32F10x_Speex_Lib/STM32/libspeex/filters.o
                0x0000000008001b3e                compute_rms
 .text.compute_rms16
                0x0000000008001c48      0x1de Drivers/STM32F10x_Speex_Lib/STM32/libspeex/filters.o
                0x0000000008001c48                compute_rms16
 .text.normalize16
                0x0000000008001e26       0x48 Drivers/STM32F10x_Speex_Lib/STM32/libspeex/filters.o
                0x0000000008001e26                normalize16
 .text.residue_percep_zero16
                0x0000000008001e6e       0x66 Drivers/STM32F10x_Speex_Lib/STM32/libspeex/filters.o
                0x0000000008001e6e                residue_percep_zero16
 .text.interp_pitch
                0x0000000008001ed4      0x174 Drivers/STM32F10x_Speex_Lib/STM32/libspeex/filters.o
                0x0000000008001ed4                interp_pitch
 .text.multicomb
                0x0000000008002048      0x4bc Drivers/STM32F10x_Speex_Lib/STM32/libspeex/filters.o
                0x0000000008002048                multicomb
 .text.pitch_gain_search_3tap_vq
                0x0000000008002504      0x14c Drivers/STM32F10x_Speex_Lib/STM32/libspeex/ltp.o
                0x0000000008002504                pitch_gain_search_3tap_vq
 .text.pitch_gain_search_3tap
                0x0000000008002650      0x438 Drivers/STM32F10x_Speex_Lib/STM32/libspeex/ltp.o
 .text.pitch_xcorr
                0x0000000008002a88       0x30 Drivers/STM32F10x_Speex_Lib/STM32/libspeex/ltp.o
                0x0000000008002a88                pitch_xcorr
 .text.open_loop_nbest_pitch
                0x0000000008002ab8      0x404 Drivers/STM32F10x_Speex_Lib/STM32/libspeex/ltp.o
                0x0000000008002ab8                open_loop_nbest_pitch
 .text.pitch_search_3tap
                0x0000000008002ebc      0x26a Drivers/STM32F10x_Speex_Lib/STM32/libspeex/ltp.o
                0x0000000008002ebc                pitch_search_3tap
 .text.pitch_unquant_3tap
                0x0000000008003126      0x1be Drivers/STM32F10x_Speex_Lib/STM32/libspeex/ltp.o
                0x0000000008003126                pitch_unquant_3tap
 .text.nb_decode_lost
                0x00000000080032e4      0x1a4 Drivers/STM32F10x_Speex_Lib/STM32/libspeex/nb_celp.o
 .text.nb_encoder_init
                0x0000000008003488      0x180 Drivers/STM32F10x_Speex_Lib/STM32/libspeex/nb_celp.o
                0x0000000008003488                nb_encoder_init
 .text.nb_encoder_destroy
                0x0000000008003608       0x5c Drivers/STM32F10x_Speex_Lib/STM32/libspeex/nb_celp.o
                0x0000000008003608                nb_encoder_destroy
 .text.nb_encode
                0x0000000008003664      0x9c8 Drivers/STM32F10x_Speex_Lib/STM32/libspeex/nb_celp.o
                0x0000000008003664                nb_encode
 .text.nb_decoder_init
                0x000000000800402c      0x130 Drivers/STM32F10x_Speex_Lib/STM32/libspeex/nb_celp.o
                0x000000000800402c                nb_decoder_init
 .text.nb_decoder_destroy
                0x000000000800415c       0x30 Drivers/STM32F10x_Speex_Lib/STM32/libspeex/nb_celp.o
                0x000000000800415c                nb_decoder_destroy
 .text.nb_decode
                0x000000000800418c      0xadc Drivers/STM32F10x_Speex_Lib/STM32/libspeex/nb_celp.o
                0x000000000800418c                nb_decode
 .text.nb_encoder_ctl
                0x0000000008004c68      0x30c Drivers/STM32F10x_Speex_Lib/STM32/libspeex/nb_celp.o
                0x0000000008004c68                nb_encoder_ctl
 .text.nb_decoder_ctl
                0x0000000008004f74      0x25a Drivers/STM32F10x_Speex_Lib/STM32/libspeex/nb_celp.o
                0x0000000008004f74                nb_decoder_ctl
 *fill*         0x00000000080051ce        0x2 
 .text.lsp_quant_lbr
                0x00000000080051d0      0x280 Drivers/STM32F10x_Speex_Lib/STM32/libspeex/quant_lsp.o
                0x00000000080051d0                lsp_quant_lbr
 .text.lsp_unquant_lbr
                0x0000000008005450       0xac Drivers/STM32F10x_Speex_Lib/STM32/libspeex/quant_lsp.o
                0x0000000008005450                lsp_unquant_lbr
 .text.scal_quant
                0x00000000080054fc       0x1e Drivers/STM32F10x_Speex_Lib/STM32/libspeex/vq.o
                0x00000000080054fc                scal_quant
 .text.scal_quant32
                0x000000000800551a       0x1c Drivers/STM32F10x_Speex_Lib/STM32/libspeex/vq.o
                0x000000000800551a                scal_quant32
 .text.speex_bits_reset
                0x0000000008005536       0x10 Drivers/STM32F10x_Speex_Lib/libspeex/bits.o
                0x0000000008005536                speex_bits_reset
 .text.speex_bits_init
                0x0000000008005546       0x20 Drivers/STM32F10x_Speex_Lib/libspeex/bits.o
                0x0000000008005546                speex_bits_init
 .text.speex_bits_read_from
                0x0000000008005566       0x46 Drivers/STM32F10x_Speex_Lib/libspeex/bits.o
                0x0000000008005566                speex_bits_read_from
 .text.speex_bits_pack
                0x00000000080055ac       0x78 Drivers/STM32F10x_Speex_Lib/libspeex/bits.o
                0x00000000080055ac                speex_bits_pack
 .text.speex_bits_unpack_unsigned
                0x0000000008005624       0x52 Drivers/STM32F10x_Speex_Lib/libspeex/bits.o
                0x0000000008005624                speex_bits_unpack_unsigned
 .text.speex_bits_advance
                0x0000000008005676       0x2e Drivers/STM32F10x_Speex_Lib/libspeex/bits.o
                0x0000000008005676                speex_bits_advance
 .text.speex_bits_remaining
                0x00000000080056a4       0x18 Drivers/STM32F10x_Speex_Lib/libspeex/bits.o
                0x00000000080056a4                speex_bits_remaining
 .text._spx_lpc
                0x00000000080056bc       0xf4 Drivers/STM32F10x_Speex_Lib/libspeex/lpc.o
                0x00000000080056bc                _spx_lpc
 .text._spx_autocorr
                0x00000000080057b0       0x8c Drivers/STM32F10x_Speex_Lib/libspeex/lpc.o
                0x00000000080057b0                _spx_autocorr
 .text.lpc_to_lsp
                0x000000000800583c      0x400 Drivers/STM32F10x_Speex_Lib/libspeex/lsp.o
                0x000000000800583c                lpc_to_lsp
 .text.lsp_to_lpc
                0x0000000008005c3c      0x304 Drivers/STM32F10x_Speex_Lib/libspeex/lsp.o
                0x0000000008005c3c                lsp_to_lpc
 .text.lsp_enforce_margin
                0x0000000008005f40       0x70 Drivers/STM32F10x_Speex_Lib/libspeex/lsp.o
                0x0000000008005f40                lsp_enforce_margin
 .text.lsp_interpolate
                0x0000000008005fb0       0x48 Drivers/STM32F10x_Speex_Lib/libspeex/lsp.o
                0x0000000008005fb0                lsp_interpolate
 .text.speex_decoder_init
                0x0000000008005ff8        0x8 Drivers/STM32F10x_Speex_Lib/libspeex/speex.o
                0x0000000008005ff8                speex_decoder_init
 .text.speex_decode_int
                0x0000000008006000        0xa Drivers/STM32F10x_Speex_Lib/libspeex/speex.o
                0x0000000008006000                speex_decode_int
 .text.speex_encoder_ctl
                0x000000000800600a        0xa Drivers/STM32F10x_Speex_Lib/libspeex/speex.o
                0x000000000800600a                speex_encoder_ctl
 .text.speex_decoder_ctl
                0x0000000008006014        0xa Drivers/STM32F10x_Speex_Lib/libspeex/speex.o
                0x0000000008006014                speex_decoder_ctl
 .text.nb_mode_query
                0x000000000800601e       0x3e Drivers/STM32F10x_Speex_Lib/libspeex/speex.o
                0x000000000800601e                nb_mode_query
 .text.speex_inband_handler
                0x000000000800605c       0x58 Drivers/STM32F10x_Speex_Lib/libspeex/speex_callbacks.o
                0x000000000800605c                speex_inband_handler
 .text.speex_default_user_handler
                0x00000000080060b4       0x18 Drivers/STM32F10x_Speex_Lib/libspeex/speex_callbacks.o
                0x00000000080060b4                speex_default_user_handler
 .text.HAL_Init
                0x00000000080060cc       0x24 Drivers/STM32F1xx_HAL_Driver/Src/stm32f1xx_hal.o
                0x00000000080060cc                HAL_Init
 .text.HAL_NVIC_SetPriorityGrouping
                0x00000000080060f0       0x24 Drivers/STM32F1xx_HAL_Driver/Src/stm32f1xx_hal_cortex.o
                0x00000000080060f0                HAL_NVIC_SetPriorityGrouping
 .text.HAL_NVIC_SetPriority
                0x0000000008006114       0x64 Drivers/STM32F1xx_HAL_Driver/Src/stm32f1xx_hal_cortex.o
                0x0000000008006114                HAL_NVIC_SetPriority
 .text.HAL_NVIC_EnableIRQ
                0x0000000008006178       0x18 Drivers/STM32F1xx_HAL_Driver/Src/stm32f1xx_hal_cortex.o
                0x0000000008006178                HAL_NVIC_EnableIRQ
 .text.HAL_SYSTICK_Config
                0x0000000008006190       0x2c Drivers/STM32F1xx_HAL_Driver/Src/stm32f1xx_hal_cortex.o
                0x0000000008006190                HAL_SYSTICK_Config
 .text.HAL_NVIC_ClearPendingIRQ
                0x00000000080061bc       0x1c Drivers/STM32F1xx_HAL_Driver/Src/stm32f1xx_hal_cortex.o
                0x00000000080061bc                HAL_NVIC_ClearPendingIRQ
 .text.HAL_SYSTICK_CLKSourceConfig
                0x00000000080061d8       0x20 Drivers/STM32F1xx_HAL_Driver/Src/stm32f1xx_hal_cortex.o
                0x00000000080061d8                HAL_SYSTICK_CLKSourceConfig
 .text.HAL_DAC_Init
                0x00000000080061f8       0x24 Drivers/STM32F1xx_HAL_Driver/Src/stm32f1xx_hal_dac.o
                0x00000000080061f8                HAL_DAC_Init
 .text.HAL_DAC_Start
                0x000000000800621c       0x5c Drivers/STM32F1xx_HAL_Driver/Src/stm32f1xx_hal_dac.o
                0x000000000800621c                HAL_DAC_Start
 .text.HAL_DAC_Stop
                0x0000000008006278       0x1a Drivers/STM32F1xx_HAL_Driver/Src/stm32f1xx_hal_dac.o
                0x0000000008006278                HAL_DAC_Stop
 .text.HAL_DAC_ConfigChannel
                0x0000000008006292       0x4a Drivers/STM32F1xx_HAL_Driver/Src/stm32f1xx_hal_dac.o
                0x0000000008006292                HAL_DAC_ConfigChannel
 .text.HAL_DAC_SetValue
                0x00000000080062dc       0x2c Drivers/STM32F1xx_HAL_Driver/Src/stm32f1xx_hal_dac.o
                0x00000000080062dc                HAL_DAC_SetValue
 .text.DMA_SetConfig
                0x0000000008006308       0x2c Drivers/STM32F1xx_HAL_Driver/Src/stm32f1xx_hal_dma.o
 .text.HAL_DMA_Init
                0x0000000008006334       0xa0 Drivers/STM32F1xx_HAL_Driver/Src/stm32f1xx_hal_dma.o
                0x0000000008006334                HAL_DMA_Init
 .text.HAL_DMA_Start_IT
                0x00000000080063d4       0x74 Drivers/STM32F1xx_HAL_Driver/Src/stm32f1xx_hal_dma.o
                0x00000000080063d4                HAL_DMA_Start_IT
 .text.HAL_DMA_IRQHandler
                0x0000000008006448      0x2d0 Drivers/STM32F1xx_HAL_Driver/Src/stm32f1xx_hal_dma.o
                0x0000000008006448                HAL_DMA_IRQHandler
 .text.HAL_DMA_GetState
                0x0000000008006718        0x6 Drivers/STM32F1xx_HAL_Driver/Src/stm32f1xx_hal_dma.o
                0x0000000008006718                HAL_DMA_GetState
 *fill*         0x000000000800671e        0x2 
 .text.FLASH_Program_HalfWord
                0x0000000008006720       0x1c Drivers/STM32F1xx_HAL_Driver/Src/stm32f1xx_hal_flash.o
 .text.FLASH_SetErrorCode
                0x000000000800673c       0x74 Drivers/STM32F1xx_HAL_Driver/Src/stm32f1xx_hal_flash.o
 .text.HAL_FLASH_Unlock
                0x00000000080067b0       0x28 Drivers/STM32F1xx_HAL_Driver/Src/stm32f1xx_hal_flash.o
                0x00000000080067b0                HAL_FLASH_Unlock
 .text.HAL_FLASH_Lock
                0x00000000080067d8       0x14 Drivers/STM32F1xx_HAL_Driver/Src/stm32f1xx_hal_flash.o
                0x00000000080067d8                HAL_FLASH_Lock
 .text.FLASH_WaitForLastOperation
                0x00000000080067ec       0x6c Drivers/STM32F1xx_HAL_Driver/Src/stm32f1xx_hal_flash.o
                0x00000000080067ec                FLASH_WaitForLastOperation
 .text.HAL_FLASH_Program
                0x0000000008006858       0x9c Drivers/STM32F1xx_HAL_Driver/Src/stm32f1xx_hal_flash.o
                0x0000000008006858                HAL_FLASH_Program
 .text.FLASH_PageErase
                0x00000000080068f4       0x24 Drivers/STM32F1xx_HAL_Driver/Src/stm32f1xx_hal_flash_ex.o
                0x00000000080068f4                FLASH_PageErase
 .text.HAL_GPIO_Init
                0x0000000008006918      0x1fc Drivers/STM32F1xx_HAL_Driver/Src/stm32f1xx_hal_gpio.o
                0x0000000008006918                HAL_GPIO_Init
 .text.HAL_GPIO_ReadPin
                0x0000000008006b14        0xe Drivers/STM32F1xx_HAL_Driver/Src/stm32f1xx_hal_gpio.o
                0x0000000008006b14                HAL_GPIO_ReadPin
 .text.HAL_GPIO_WritePin
                0x0000000008006b22        0xc Drivers/STM32F1xx_HAL_Driver/Src/stm32f1xx_hal_gpio.o
                0x0000000008006b22                HAL_GPIO_WritePin
 *fill*         0x0000000008006b2e        0x2 
 .text.RCC_Delay
                0x0000000008006b30       0x2c Drivers/STM32F1xx_HAL_Driver/Src/stm32f1xx_hal_rcc.o
 .text.HAL_RCC_OscConfig
                0x0000000008006b5c      0x3e0 Drivers/STM32F1xx_HAL_Driver/Src/stm32f1xx_hal_rcc.o
                0x0000000008006b5c                HAL_RCC_OscConfig
 .text.HAL_RCC_GetSysClockFreq
                0x0000000008006f3c       0x7c Drivers/STM32F1xx_HAL_Driver/Src/stm32f1xx_hal_rcc.o
                0x0000000008006f3c                HAL_RCC_GetSysClockFreq
 .text.HAL_RCC_ClockConfig
                0x0000000008006fb8      0x178 Drivers/STM32F1xx_HAL_Driver/Src/stm32f1xx_hal_rcc.o
                0x0000000008006fb8                HAL_RCC_ClockConfig
 .text.HAL_RCC_GetHCLKFreq
                0x0000000008007130        0xc Drivers/STM32F1xx_HAL_Driver/Src/stm32f1xx_hal_rcc.o
                0x0000000008007130                HAL_RCC_GetHCLKFreq
 .text.HAL_RCC_GetPCLK1Freq
                0x000000000800713c       0x20 Drivers/STM32F1xx_HAL_Driver/Src/stm32f1xx_hal_rcc.o
                0x000000000800713c                HAL_RCC_GetPCLK1Freq
 .text.HAL_RCC_GetPCLK2Freq
                0x000000000800715c       0x20 Drivers/STM32F1xx_HAL_Driver/Src/stm32f1xx_hal_rcc.o
                0x000000000800715c                HAL_RCC_GetPCLK2Freq
 .text.HAL_RCC_GetClockConfig
                0x000000000800717c       0x3c Drivers/STM32F1xx_HAL_Driver/Src/stm32f1xx_hal_rcc.o
                0x000000000800717c                HAL_RCC_GetClockConfig
 .text.SPI_WaitFlagStateUntilTimeout
                0x00000000080071b8       0x96 Drivers/STM32F1xx_HAL_Driver/Src/stm32f1xx_hal_spi.o
 .text.SPI_CheckFlag_BSY
                0x000000000800724e       0x26 Drivers/STM32F1xx_HAL_Driver/Src/stm32f1xx_hal_spi.o
 .text.HAL_SPI_Transmit
                0x0000000008007274      0x1ac Drivers/STM32F1xx_HAL_Driver/Src/stm32f1xx_hal_spi.o
                0x0000000008007274                HAL_SPI_Transmit
 .text.HAL_SPI_Init
                0x0000000008007420       0x82 Drivers/STM32F1xx_HAL_Driver/Src/stm32f1xx_hal_spi_ex.o
                0x0000000008007420                HAL_SPI_Init
 *fill*         0x00000000080074a2        0x2 
 .text.TIM_OC1_SetConfig
                0x00000000080074a4       0x6c Drivers/STM32F1xx_HAL_Driver/Src/stm32f1xx_hal_tim.o
 .text.TIM_OC3_SetConfig
                0x0000000008007510       0x74 Drivers/STM32F1xx_HAL_Driver/Src/stm32f1xx_hal_tim.o
 .text.TIM_OC4_SetConfig
                0x0000000008007584       0x50 Drivers/STM32F1xx_HAL_Driver/Src/stm32f1xx_hal_tim.o
 .text.TIM_TI1_ConfigInputStage
                0x00000000080075d4       0x24 Drivers/STM32F1xx_HAL_Driver/Src/stm32f1xx_hal_tim.o
 .text.TIM_TI2_ConfigInputStage
                0x00000000080075f8       0x26 Drivers/STM32F1xx_HAL_Driver/Src/stm32f1xx_hal_tim.o
 .text.TIM_ITRx_SetConfig
                0x000000000800761e       0x10 Drivers/STM32F1xx_HAL_Driver/Src/stm32f1xx_hal_tim.o
 .text.TIM_ETR_SetConfig
                0x000000000800762e       0x16 Drivers/STM32F1xx_HAL_Driver/Src/stm32f1xx_hal_tim.o
 .text.HAL_TIM_Base_Start_IT
                0x0000000008007644       0x18 Drivers/STM32F1xx_HAL_Driver/Src/stm32f1xx_hal_tim.o
                0x0000000008007644                HAL_TIM_Base_Start_IT
 .text.HAL_TIM_Base_Stop_IT
                0x000000000800765c       0x2c Drivers/STM32F1xx_HAL_Driver/Src/stm32f1xx_hal_tim.o
                0x000000000800765c                HAL_TIM_Base_Stop_IT
 .text.HAL_TIM_PWM_MspInit
                0x0000000008007688        0x2 Drivers/STM32F1xx_HAL_Driver/Src/stm32f1xx_hal_tim.o
                0x0000000008007688                HAL_TIM_PWM_MspInit
 .text.HAL_TIM_ConfigClockSource
                0x000000000800768a      0x108 Drivers/STM32F1xx_HAL_Driver/Src/stm32f1xx_hal_tim.o
                0x000000000800768a                HAL_TIM_ConfigClockSource
 .text.HAL_TIM_OC_DelayElapsedCallback
                0x0000000008007792        0x2 Drivers/STM32F1xx_HAL_Driver/Src/stm32f1xx_hal_tim.o
                0x0000000008007792                HAL_TIM_OC_DelayElapsedCallback
 .text.HAL_TIM_IC_CaptureCallback
                0x0000000008007794        0x2 Drivers/STM32F1xx_HAL_Driver/Src/stm32f1xx_hal_tim.o
                0x0000000008007794                HAL_TIM_IC_CaptureCallback
 .text.HAL_TIM_PWM_PulseFinishedCallback
                0x0000000008007796        0x2 Drivers/STM32F1xx_HAL_Driver/Src/stm32f1xx_hal_tim.o
                0x0000000008007796                HAL_TIM_PWM_PulseFinishedCallback
 .text.TIM_DMADelayPulseCplt
                0x0000000008007798       0x46 Drivers/STM32F1xx_HAL_Driver/Src/stm32f1xx_hal_tim.o
                0x0000000008007798                TIM_DMADelayPulseCplt
 .text.HAL_TIM_TriggerCallback
                0x00000000080077de        0x2 Drivers/STM32F1xx_HAL_Driver/Src/stm32f1xx_hal_tim.o
                0x00000000080077de                HAL_TIM_TriggerCallback
 .text.HAL_TIM_IRQHandler
                0x00000000080077e0      0x17a Drivers/STM32F1xx_HAL_Driver/Src/stm32f1xx_hal_tim.o
                0x00000000080077e0                HAL_TIM_IRQHandler
 .text.HAL_TIM_ErrorCallback
                0x000000000800795a        0x2 Drivers/STM32F1xx_HAL_Driver/Src/stm32f1xx_hal_tim.o
                0x000000000800795a                HAL_TIM_ErrorCallback
 .text.TIM_DMAError
                0x000000000800795c       0x10 Drivers/STM32F1xx_HAL_Driver/Src/stm32f1xx_hal_tim.o
                0x000000000800795c                TIM_DMAError
 .text.TIM_Base_SetConfig
                0x000000000800796c       0x9c Drivers/STM32F1xx_HAL_Driver/Src/stm32f1xx_hal_tim.o
                0x000000000800796c                TIM_Base_SetConfig
 .text.HAL_TIM_Base_Init
                0x0000000008007a08       0x32 Drivers/STM32F1xx_HAL_Driver/Src/stm32f1xx_hal_tim.o
                0x0000000008007a08                HAL_TIM_Base_Init
 .text.HAL_TIM_PWM_Init
                0x0000000008007a3a       0x32 Drivers/STM32F1xx_HAL_Driver/Src/stm32f1xx_hal_tim.o
                0x0000000008007a3a                HAL_TIM_PWM_Init
 .text.TIM_OC2_SetConfig
                0x0000000008007a6c       0x74 Drivers/STM32F1xx_HAL_Driver/Src/stm32f1xx_hal_tim.o
                0x0000000008007a6c                TIM_OC2_SetConfig
 .text.HAL_TIM_PWM_ConfigChannel
                0x0000000008007ae0       0xdc Drivers/STM32F1xx_HAL_Driver/Src/stm32f1xx_hal_tim.o
                0x0000000008007ae0                HAL_TIM_PWM_ConfigChannel
 .text.TIM_CCxChannelCmd
                0x0000000008007bbc       0x1c Drivers/STM32F1xx_HAL_Driver/Src/stm32f1xx_hal_tim.o
                0x0000000008007bbc                TIM_CCxChannelCmd
 .text.HAL_TIM_PWM_Start_DMA
                0x0000000008007bd8      0x120 Drivers/STM32F1xx_HAL_Driver/Src/stm32f1xx_hal_tim.o
                0x0000000008007bd8                HAL_TIM_PWM_Start_DMA
 .text.HAL_TIMEx_MasterConfigSynchronization
                0x0000000008007cf8       0x52 Drivers/STM32F1xx_HAL_Driver/Src/stm32f1xx_hal_tim_ex.o
                0x0000000008007cf8                HAL_TIMEx_MasterConfigSynchronization
 .text.HAL_TIMEx_CommutationCallback
                0x0000000008007d4a        0x2 Drivers/STM32F1xx_HAL_Driver/Src/stm32f1xx_hal_tim_ex.o
                0x0000000008007d4a                HAL_TIMEx_CommutationCallback
 .text.HAL_TIMEx_BreakCallback
                0x0000000008007d4c        0x2 Drivers/STM32F1xx_HAL_Driver/Src/stm32f1xx_hal_tim_ex.o
                0x0000000008007d4c                HAL_TIMEx_BreakCallback
 *fill*         0x0000000008007d4e        0x2 
 .text.UART_SetConfig
                0x0000000008007d50      0x1b0 Drivers/STM32F1xx_HAL_Driver/Src/stm32f1xx_hal_uart.o
 .text.UART_WaitOnFlagUntilTimeout
                0x0000000008007f00       0x64 Drivers/STM32F1xx_HAL_Driver/Src/stm32f1xx_hal_uart.o
 .text.HAL_UART_Init
                0x0000000008007f64       0x5e Drivers/STM32F1xx_HAL_Driver/Src/stm32f1xx_hal_uart.o
                0x0000000008007f64                HAL_UART_Init
 .text.HAL_UART_Transmit
                0x0000000008007fc2       0xe2 Drivers/STM32F1xx_HAL_Driver/Src/stm32f1xx_hal_uart.o
                0x0000000008007fc2                HAL_UART_Transmit
 .text.HAL_UART_Receive
                0x00000000080080a4       0xe6 Drivers/STM32F1xx_HAL_Driver/Src/stm32f1xx_hal_uart.o
                0x00000000080080a4                HAL_UART_Receive
 .text.convert_hexchar_to_char
                0x000000000800818a       0x60 Drivers/uart/conspeex.o
                0x000000000800818a                convert_hexchar_to_char
 .text.convert_hexstring
                0x00000000080081ea       0x88 Drivers/uart/conspeex.o
                0x00000000080081ea                convert_hexstring
 .text.convert_text
                0x0000000008008272       0x22 Drivers/uart/conspeex.o
                0x0000000008008272                convert_text
 .text.command_definer
                0x0000000008008294       0x6c Drivers/uart/conspeex.o
                0x0000000008008294                command_definer
 .text.parsing_str_data
                0x0000000008008300      0x174 Drivers/uart/conspeex.o
                0x0000000008008300                parsing_str_data
 .text.convert_speex_str_to_data
                0x0000000008008474       0xf8 Drivers/uart/conspeex.o
                0x0000000008008474                convert_speex_str_to_data
 .text.calcrc   0x000000000800856c       0x40 Drivers/uart/conspeex.o
                0x000000000800856c                calcrc
 .text.parsing  0x00000000080085ac       0xdc Drivers/uart/conspeex.o
                0x00000000080085ac                parsing
 .text.makeFreeRtosPriority
                0x0000000008008688        0xc Middlewares/Third_Party/FreeRTOS/Source/CMSIS_RTOS/cmsis_os.o
 .text.osKernelStart
                0x0000000008008694        0xa Middlewares/Third_Party/FreeRTOS/Source/CMSIS_RTOS/cmsis_os.o
                0x0000000008008694                osKernelStart
 .text.osThreadCreate
                0x000000000800869e       0x34 Middlewares/Third_Party/FreeRTOS/Source/CMSIS_RTOS/cmsis_os.o
                0x000000000800869e                osThreadCreate
 .text.osDelay  0x00000000080086d2       0x12 Middlewares/Third_Party/FreeRTOS/Source/CMSIS_RTOS/cmsis_os.o
                0x00000000080086d2                osDelay
 .text.osSystickHandler
                0x00000000080086e4       0x10 Middlewares/Third_Party/FreeRTOS/Source/CMSIS_RTOS/cmsis_os.o
                0x00000000080086e4                osSystickHandler
 .text.vListInitialise
                0x00000000080086f4       0x16 Middlewares/Third_Party/FreeRTOS/Source/list.o
                0x00000000080086f4                vListInitialise
 .text.vListInitialiseItem
                0x000000000800870a        0x6 Middlewares/Third_Party/FreeRTOS/Source/list.o
                0x000000000800870a                vListInitialiseItem
 .text.vListInsertEnd
                0x0000000008008710       0x18 Middlewares/Third_Party/FreeRTOS/Source/list.o
                0x0000000008008710                vListInsertEnd
 .text.vListInsert
                0x0000000008008728       0x34 Middlewares/Third_Party/FreeRTOS/Source/list.o
                0x0000000008008728                vListInsert
 .text.uxListRemove
                0x000000000800875c       0x26 Middlewares/Third_Party/FreeRTOS/Source/list.o
                0x000000000800875c                uxListRemove
 *fill*         0x0000000008008782        0x2 
 .text.prvTaskIsTaskSuspended
                0x0000000008008784       0x4c Middlewares/Third_Party/FreeRTOS/Source/tasks.o
 .text.prvResetNextTaskUnblockTime
                0x00000000080087d0       0x2c Middlewares/Third_Party/FreeRTOS/Source/tasks.o
 .text.prvDeleteTCB
                0x00000000080087fc       0x12 Middlewares/Third_Party/FreeRTOS/Source/tasks.o
 .text.prvInitialiseNewTask
                0x000000000800880e       0x80 Middlewares/Third_Party/FreeRTOS/Source/tasks.o
 *fill*         0x000000000800888e        0x2 
 .text.prvInitialiseTaskLists
                0x0000000008008890       0x58 Middlewares/Third_Party/FreeRTOS/Source/tasks.o
 .text.prvAddNewTaskToReadyList
                0x00000000080088e8       0xac Middlewares/Third_Party/FreeRTOS/Source/tasks.o
 .text.prvAddCurrentTaskToDelayedList
                0x0000000008008994       0x88 Middlewares/Third_Party/FreeRTOS/Source/tasks.o
 .text.xTaskCreate
                0x0000000008008a1c       0x62 Middlewares/Third_Party/FreeRTOS/Source/tasks.o
                0x0000000008008a1c                xTaskCreate
 *fill*         0x0000000008008a7e        0x2 
 .text.vTaskDelete
                0x0000000008008a80       0xdc Middlewares/Third_Party/FreeRTOS/Source/tasks.o
                0x0000000008008a80                vTaskDelete
 .text.vTaskResume
                0x0000000008008b5c       0x88 Middlewares/Third_Party/FreeRTOS/Source/tasks.o
                0x0000000008008b5c                vTaskResume
 .text.vTaskStartScheduler
                0x0000000008008be4       0x74 Middlewares/Third_Party/FreeRTOS/Source/tasks.o
                0x0000000008008be4                vTaskStartScheduler
 .text.vTaskSuspendAll
                0x0000000008008c58       0x14 Middlewares/Third_Party/FreeRTOS/Source/tasks.o
                0x0000000008008c58                vTaskSuspendAll
 .text.xTaskIncrementTick
                0x0000000008008c6c      0x114 Middlewares/Third_Party/FreeRTOS/Source/tasks.o
                0x0000000008008c6c                xTaskIncrementTick
 .text.xTaskResumeAll
                0x0000000008008d80       0xf4 Middlewares/Third_Party/FreeRTOS/Source/tasks.o
                0x0000000008008d80                xTaskResumeAll
 .text.vTaskDelay
                0x0000000008008e74       0x50 Middlewares/Third_Party/FreeRTOS/Source/tasks.o
                0x0000000008008e74                vTaskDelay
 .text.prvCheckTasksWaitingTermination
                0x0000000008008ec4       0x54 Middlewares/Third_Party/FreeRTOS/Source/tasks.o
 .text.prvIdleTask
                0x0000000008008f18       0x28 Middlewares/Third_Party/FreeRTOS/Source/tasks.o
 .text.vTaskSwitchContext
                0x0000000008008f40       0x8c Middlewares/Third_Party/FreeRTOS/Source/tasks.o
                0x0000000008008f40                vTaskSwitchContext
 .text.vTaskSuspend
                0x0000000008008fcc       0xd4 Middlewares/Third_Party/FreeRTOS/Source/tasks.o
                0x0000000008008fcc                vTaskSuspend
 .text.xTaskGetSchedulerState
                0x00000000080090a0       0x20 Middlewares/Third_Party/FreeRTOS/Source/tasks.o
                0x00000000080090a0                xTaskGetSchedulerState
 .text.prvTaskExitError
                0x00000000080090c0       0x34 Middlewares/Third_Party/FreeRTOS/Source/portable/GCC/ARM_CM3/port.o
 .text.prvPortStartFirstTask
                0x00000000080090f4       0x20 Middlewares/Third_Party/FreeRTOS/Source/portable/GCC/ARM_CM3/port.o
 .text.pxPortInitialiseStack
                0x0000000008009114       0x24 Middlewares/Third_Party/FreeRTOS/Source/portable/GCC/ARM_CM3/port.o
                0x0000000008009114                pxPortInitialiseStack
 *fill*         0x0000000008009138        0x8 
 .text.SVC_Handler
                0x0000000008009140       0x24 Middlewares/Third_Party/FreeRTOS/Source/portable/GCC/ARM_CM3/port.o
                0x0000000008009140                SVC_Handler
 .text.vPortEnterCritical
                0x0000000008009164       0x44 Middlewares/Third_Party/FreeRTOS/Source/portable/GCC/ARM_CM3/port.o
                0x0000000008009164                vPortEnterCritical
 .text.vPortExitCritical
                0x00000000080091a8       0x2c Middlewares/Third_Party/FreeRTOS/Source/portable/GCC/ARM_CM3/port.o
                0x00000000080091a8                vPortExitCritical
 *fill*         0x00000000080091d4        0xc 
 .text.PendSV_Handler
                0x00000000080091e0       0x44 Middlewares/Third_Party/FreeRTOS/Source/portable/GCC/ARM_CM3/port.o
                0x00000000080091e0                PendSV_Handler
 .text.xPortSysTickHandler
                0x0000000008009224       0x2c Middlewares/Third_Party/FreeRTOS/Source/portable/GCC/ARM_CM3/port.o
                0x0000000008009224                xPortSysTickHandler
 .text.vPortSetupTimerInterrupt
                0x0000000008009250       0x2c Middlewares/Third_Party/FreeRTOS/Source/portable/GCC/ARM_CM3/port.o
                0x0000000008009250                vPortSetupTimerInterrupt
 .text.xPortStartScheduler
                0x000000000800927c       0x90 Middlewares/Third_Party/FreeRTOS/Source/portable/GCC/ARM_CM3/port.o
                0x000000000800927c                xPortStartScheduler
 .text.pvPortMalloc
                0x000000000800930c       0x18 Middlewares/Third_Party/FreeRTOS/Source/portable/MemMang/heap_3.o
                0x000000000800930c                pvPortMalloc
 .text.vPortFree
                0x0000000008009324       0x18 Middlewares/Third_Party/FreeRTOS/Source/portable/MemMang/heap_3.o
                0x0000000008009324                vPortFree
 .text.MX_GPIO_Init
                0x000000000800933c       0xd0 Src/main.o
 .text.MX_DMA_Init
                0x000000000800940c       0x34 Src/main.o
 .text.StartLCDTask
                0x0000000008009440       0x68 Src/main.o
                0x0000000008009440                StartLCDTask
 .text.sendData
                0x00000000080094a8       0x40 Src/main.o
                0x00000000080094a8                sendData
 .text.MAX729_SetIntensivity
                0x00000000080094e8       0x34 Src/main.o
                0x00000000080094e8                MAX729_SetIntensivity
 .text.MAX729_Clean
                0x000000000800951c       0x44 Src/main.o
                0x000000000800951c                MAX729_Clean
 .text.MAX729_Init
                0x0000000008009560        0xc Src/main.o
                0x0000000008009560                MAX729_Init
 .text.DrawGor  0x000000000800956c       0xa8 Src/main.o
                0x000000000800956c                DrawGor
 .text.DrawVert
                0x0000000008009614       0xc0 Src/main.o
                0x0000000008009614                DrawVert
 .text.Draw     0x00000000080096d4       0x5c Src/main.o
                0x00000000080096d4                Draw
 .text.DrawTS   0x0000000008009730      0x164 Src/main.o
                0x0000000008009730                DrawTS
 .text.DrawAll  0x0000000008009894      0x184 Src/main.o
                0x0000000008009894                DrawAll
 .text.StartLEDmatrixTask
                0x0000000008009a18       0x88 Src/main.o
                0x0000000008009a18                StartLEDmatrixTask
 .text.SpeexInit
                0x0000000008009aa0       0x2c Src/main.o
                0x0000000008009aa0                SpeexInit
 .text.PlayMessage
                0x0000000008009acc      0x138 Src/main.o
                0x0000000008009acc                PlayMessage
 .text.StartAudioMessageTask
                0x0000000008009c04       0x74 Src/main.o
                0x0000000008009c04                StartAudioMessageTask
 .text.SU_FLASH_Save_User_Data
                0x0000000008009c78      0x19c Src/main.o
                0x0000000008009c78                SU_FLASH_Save_User_Data
 .text.StartUSARTTask
                0x0000000008009e14      0x144 Src/main.o
                0x0000000008009e14                StartUSARTTask
 .text.WS2812_send_noPTR
                0x0000000008009f58       0xe4 Src/main.o
                0x0000000008009f58                WS2812_send_noPTR
 .text.StartRGBws2812bTask
                0x000000000800a03c       0x3c Src/main.o
                0x000000000800a03c                StartRGBws2812bTask
 .text.AntiContactBounce
                0x000000000800a078       0x22 Src/main.o
                0x000000000800a078                AntiContactBounce
 *fill*         0x000000000800a09a        0x2 
 .text.StartAdminLaunchTask
                0x000000000800a09c      0x110 Src/main.o
                0x000000000800a09c                StartAdminLaunchTask
 .text.StartButtonTask
                0x000000000800a1ac       0xb0 Src/main.o
                0x000000000800a1ac                StartButtonTask
 .text.HAL_TIM_PeriodElapsedCallback
                0x000000000800a25c       0x12 Src/main.o
                0x000000000800a25c                HAL_TIM_PeriodElapsedCallback
 .text._Error_Handler
                0x000000000800a26e        0x2 Src/main.o
                0x000000000800a26e                _Error_Handler
 .text.MX_DAC_Init
                0x000000000800a270       0x48 Src/main.o
 .text.MX_TIM3_Init
                0x000000000800a2b8       0xac Src/main.o
 .text.MX_SPI2_Init
                0x000000000800a364       0x54 Src/main.o
 .text.MX_USART2_UART_Init
                0x000000000800a3b8       0x3c Src/main.o
 .text.MX_TIM6_Init
                0x000000000800a3f4       0x54 Src/main.o
 .text.SystemClock_Config
                0x000000000800a448       0x84 Src/main.o
                0x000000000800a448                SystemClock_Config
 .text.main     0x000000000800a4cc      0x118 Src/main.o
                0x000000000800a4cc                main
 .text.HAL_MspInit
                0x000000000800a5e4       0x94 Src/stm32f1xx_hal_msp.o
                0x000000000800a5e4                HAL_MspInit
 .text.HAL_DAC_MspInit
                0x000000000800a678       0x44 Src/stm32f1xx_hal_msp.o
                0x000000000800a678                HAL_DAC_MspInit
 .text.HAL_SPI_MspInit
                0x000000000800a6bc       0x48 Src/stm32f1xx_hal_msp.o
                0x000000000800a6bc                HAL_SPI_MspInit
 .text.HAL_TIM_Base_MspInit
                0x000000000800a704       0xa8 Src/stm32f1xx_hal_msp.o
                0x000000000800a704                HAL_TIM_Base_MspInit
 .text.HAL_TIM_MspPostInit
                0x000000000800a7ac       0x44 Src/stm32f1xx_hal_msp.o
                0x000000000800a7ac                HAL_TIM_MspPostInit
 .text.HAL_UART_MspInit
                0x000000000800a7f0       0x58 Src/stm32f1xx_hal_msp.o
                0x000000000800a7f0                HAL_UART_MspInit
 .text.HAL_InitTick
                0x000000000800a848       0x78 Src/stm32f1xx_hal_timebase_TIM.o
                0x000000000800a848                HAL_InitTick
 .text.NMI_Handler
                0x000000000800a8c0        0x2 Src/stm32f1xx_it.o
                0x000000000800a8c0                NMI_Handler
 .text.HardFault_Handler
                0x000000000800a8c2        0x2 Src/stm32f1xx_it.o
                0x000000000800a8c2                HardFault_Handler
 .text.MemManage_Handler
                0x000000000800a8c4        0x2 Src/stm32f1xx_it.o
                0x000000000800a8c4                MemManage_Handler
 .text.BusFault_Handler
                0x000000000800a8c6        0x2 Src/stm32f1xx_it.o
                0x000000000800a8c6                BusFault_Handler
 .text.UsageFault_Handler
                0x000000000800a8c8        0x2 Src/stm32f1xx_it.o
                0x000000000800a8c8                UsageFault_Handler
 .text.DebugMon_Handler
                0x000000000800a8ca        0x2 Src/stm32f1xx_it.o
                0x000000000800a8ca                DebugMon_Handler
 .text.SysTick_Handler
                0x000000000800a8cc        0x8 Src/stm32f1xx_it.o
                0x000000000800a8cc                SysTick_Handler
 .text.DMA1_Channel6_IRQHandler
                0x000000000800a8d4       0x10 Src/stm32f1xx_it.o
                0x000000000800a8d4                DMA1_Channel6_IRQHandler
 .text.TIM2_IRQHandler
                0x000000000800a8e4       0x10 Src/stm32f1xx_it.o
                0x000000000800a8e4                TIM2_IRQHandler
 .text.TIM6_IRQHandler
                0x000000000800a8f4       0x74 Src/stm32f1xx_it.o
                0x000000000800a8f4                TIM6_IRQHandler
 .text.SystemInit
                0x000000000800a968       0x4c Src/system_stm32f1xx.o
                0x000000000800a968                SystemInit
 .text.Reset_Handler
                0x000000000800a9b4       0x48 startup/startup_stm32f103xe.o
                0x000000000800a9b4                Reset_Handler
 .text.Default_Handler
                0x000000000800a9fc        0x2 startup/startup_stm32f103xe.o
                0x000000000800a9fc                RTC_Alarm_IRQHandler
                0x000000000800a9fc                EXTI2_IRQHandler
                0x000000000800a9fc                TIM8_TRG_COM_IRQHandler
                0x000000000800a9fc                TIM8_CC_IRQHandler
                0x000000000800a9fc                TIM1_CC_IRQHandler
                0x000000000800a9fc                PVD_IRQHandler
                0x000000000800a9fc                SDIO_IRQHandler
                0x000000000800a9fc                EXTI3_IRQHandler
                0x000000000800a9fc                EXTI0_IRQHandler
                0x000000000800a9fc                I2C2_EV_IRQHandler
                0x000000000800a9fc                ADC1_2_IRQHandler
                0x000000000800a9fc                SPI1_IRQHandler
                0x000000000800a9fc                TAMPER_IRQHandler
                0x000000000800a9fc                TIM8_UP_IRQHandler
                0x000000000800a9fc                DMA2_Channel2_IRQHandler
                0x000000000800a9fc                DMA1_Channel4_IRQHandler
                0x000000000800a9fc                USART3_IRQHandler
                0x000000000800a9fc                RTC_IRQHandler
                0x000000000800a9fc                DMA1_Channel7_IRQHandler
                0x000000000800a9fc                CAN1_RX1_IRQHandler
                0x000000000800a9fc                UART5_IRQHandler
                0x000000000800a9fc                ADC3_IRQHandler
                0x000000000800a9fc                TIM4_IRQHandler
                0x000000000800a9fc                DMA2_Channel1_IRQHandler
                0x000000000800a9fc                I2C1_EV_IRQHandler
                0x000000000800a9fc                UART4_IRQHandler
                0x000000000800a9fc                TIM3_IRQHandler
                0x000000000800a9fc                RCC_IRQHandler
                0x000000000800a9fc                TIM1_TRG_COM_IRQHandler
                0x000000000800a9fc                DMA1_Channel1_IRQHandler
                0x000000000800a9fc                Default_Handler
                0x000000000800a9fc                EXTI15_10_IRQHandler
                0x000000000800a9fc                TIM7_IRQHandler
                0x000000000800a9fc                TIM5_IRQHandler
                0x000000000800a9fc                EXTI9_5_IRQHandler
                0x000000000800a9fc                SPI2_IRQHandler
                0x000000000800a9fc                DMA1_Channel5_IRQHandler
                0x000000000800a9fc                EXTI4_IRQHandler
                0x000000000800a9fc                USB_LP_CAN1_RX0_IRQHandler
                0x000000000800a9fc                USB_HP_CAN1_TX_IRQHandler
                0x000000000800a9fc                DMA1_Channel3_IRQHandler
                0x000000000800a9fc                FSMC_IRQHandler
                0x000000000800a9fc                TIM1_UP_IRQHandler
                0x000000000800a9fc                WWDG_IRQHandler
                0x000000000800a9fc                TIM1_BRK_IRQHandler
                0x000000000800a9fc                EXTI1_IRQHandler
                0x000000000800a9fc                DMA2_Channel4_5_IRQHandler
                0x000000000800a9fc                USART2_IRQHandler
                0x000000000800a9fc                I2C2_ER_IRQHandler
                0x000000000800a9fc                DMA1_Channel2_IRQHandler
                0x000000000800a9fc                TIM8_BRK_IRQHandler
                0x000000000800a9fc                CAN1_SCE_IRQHandler
                0x000000000800a9fc                FLASH_IRQHandler
                0x000000000800a9fc                USART1_IRQHandler
                0x000000000800a9fc                SPI3_IRQHandler
                0x000000000800a9fc                I2C1_ER_IRQHandler
                0x000000000800a9fc                USBWakeUp_IRQHandler
                0x000000000800a9fc                DMA2_Channel3_IRQHandler
 *fill*         0x000000000800a9fe        0x2 
 .text.calloc   0x000000000800aa00       0x10 /home/user/Ac6/SystemWorkbench/plugins/fr.ac6.mcu.externaltools.arm-none.linux64_1.15.0.201708311556/tools/compiler/bin/../lib/gcc/arm-none-eabi/6.3.1/../../../../arm-none-eabi/lib/thumb/v7-m/libc_nano.a(lib_a-calloc.o)
                0x000000000800aa00                calloc
 .text.__libc_init_array
                0x000000000800aa10       0x48 /home/user/Ac6/SystemWorkbench/plugins/fr.ac6.mcu.externaltools.arm-none.linux64_1.15.0.201708311556/tools/compiler/bin/../lib/gcc/arm-none-eabi/6.3.1/../../../../arm-none-eabi/lib/thumb/v7-m/libc_nano.a(lib_a-init.o)
                0x000000000800aa10                __libc_init_array
 .text.malloc   0x000000000800aa58       0x10 /home/user/Ac6/SystemWorkbench/plugins/fr.ac6.mcu.externaltools.arm-none.linux64_1.15.0.201708311556/tools/compiler/bin/../lib/gcc/arm-none-eabi/6.3.1/../../../../arm-none-eabi/lib/thumb/v7-m/libc_nano.a(lib_a-malloc.o)
                0x000000000800aa58                malloc
 .text.free     0x000000000800aa68       0x10 /home/user/Ac6/SystemWorkbench/plugins/fr.ac6.mcu.externaltools.arm-none.linux64_1.15.0.201708311556/tools/compiler/bin/../lib/gcc/arm-none-eabi/6.3.1/../../../../arm-none-eabi/lib/thumb/v7-m/libc_nano.a(lib_a-malloc.o)
                0x000000000800aa68                free
 .text.memcpy   0x000000000800aa78       0x16 /home/user/Ac6/SystemWorkbench/plugins/fr.ac6.mcu.externaltools.arm-none.linux64_1.15.0.201708311556/tools/compiler/bin/../lib/gcc/arm-none-eabi/6.3.1/../../../../arm-none-eabi/lib/thumb/v7-m/libc_nano.a(lib_a-memcpy-stub.o)
                0x000000000800aa78                memcpy
 .text.memmove  0x000000000800aa8e       0x34 /home/user/Ac6/SystemWorkbench/plugins/fr.ac6.mcu.externaltools.arm-none.linux64_1.15.0.201708311556/tools/compiler/bin/../lib/gcc/arm-none-eabi/6.3.1/../../../../arm-none-eabi/lib/thumb/v7-m/libc_nano.a(lib_a-memmove.o)
                0x000000000800aa8e                memmove
 .text.memset   0x000000000800aac2       0x10 /home/user/Ac6/SystemWorkbench/plugins/fr.ac6.mcu.externaltools.arm-none.linux64_1.15.0.201708311556/tools/compiler/bin/../lib/gcc/arm-none-eabi/6.3.1/../../../../arm-none-eabi/lib/thumb/v7-m/libc_nano.a(lib_a-memset.o)
                0x000000000800aac2                memset
 .text._calloc_r
                0x000000000800aad2       0x1c /home/user/Ac6/SystemWorkbench/plugins/fr.ac6.mcu.externaltools.arm-none.linux64_1.15.0.201708311556/tools/compiler/bin/../lib/gcc/arm-none-eabi/6.3.1/../../../../arm-none-eabi/lib/thumb/v7-m/libc_nano.a(lib_a-nano-callocr.o)
                0x000000000800aad2                _calloc_r
 *fill*         0x000000000800aaee        0x2 
 .text._free_r  0x000000000800aaf0       0x98 /home/user/Ac6/SystemWorkbench/plugins/fr.ac6.mcu.externaltools.arm-none.linux64_1.15.0.201708311556/tools/compiler/bin/../lib/gcc/arm-none-eabi/6.3.1/../../../../arm-none-eabi/lib/thumb/v7-m/libc_nano.a(lib_a-nano-freer.o)
                0x000000000800aaf0                _free_r
 .text._malloc_r
                0x000000000800ab88       0xbc /home/user/Ac6/SystemWorkbench/plugins/fr.ac6.mcu.externaltools.arm-none.linux64_1.15.0.201708311556/tools/compiler/bin/../lib/gcc/arm-none-eabi/6.3.1/../../../../arm-none-eabi/lib/thumb/v7-m/libc_nano.a(lib_a-nano-mallocr.o)
                0x000000000800ab88                _malloc_r
 .text.realloc  0x000000000800ac44       0x10 /home/user/Ac6/SystemWorkbench/plugins/fr.ac6.mcu.externaltools.arm-none.linux64_1.15.0.201708311556/tools/compiler/bin/../lib/gcc/arm-none-eabi/6.3.1/../../../../arm-none-eabi/lib/thumb/v7-m/libc_nano.a(lib_a-realloc.o)
                0x000000000800ac44                realloc
 .text._sbrk_r  0x000000000800ac54       0x20 /home/user/Ac6/SystemWorkbench/plugins/fr.ac6.mcu.externaltools.arm-none.linux64_1.15.0.201708311556/tools/compiler/bin/../lib/gcc/arm-none-eabi/6.3.1/../../../../arm-none-eabi/lib/thumb/v7-m/libc_nano.a(lib_a-sbrkr.o)
                0x000000000800ac54                _sbrk_r
 .text.strcpy   0x000000000800ac74       0x10 /home/user/Ac6/SystemWorkbench/plugins/fr.ac6.mcu.externaltools.arm-none.linux64_1.15.0.201708311556/tools/compiler/bin/../lib/gcc/arm-none-eabi/6.3.1/../../../../arm-none-eabi/lib/thumb/v7-m/libc_nano.a(lib_a-strcpy.o)
                0x000000000800ac74                strcpy
 .text.strncat  0x000000000800ac84       0x28 /home/user/Ac6/SystemWorkbench/plugins/fr.ac6.mcu.externaltools.arm-none.linux64_1.15.0.201708311556/tools/compiler/bin/../lib/gcc/arm-none-eabi/6.3.1/../../../../arm-none-eabi/lib/thumb/v7-m/libc_nano.a(lib_a-strncat.o)
                0x000000000800ac84                strncat
 .text.strncmp  0x000000000800acac       0x24 /home/user/Ac6/SystemWorkbench/plugins/fr.ac6.mcu.externaltools.arm-none.linux64_1.15.0.201708311556/tools/compiler/bin/../lib/gcc/arm-none-eabi/6.3.1/../../../../arm-none-eabi/lib/thumb/v7-m/libc_nano.a(lib_a-strncmp.o)
                0x000000000800acac                strncmp
 .text.strncpy  0x000000000800acd0       0x2a /home/user/Ac6/SystemWorkbench/plugins/fr.ac6.mcu.externaltools.arm-none.linux64_1.15.0.201708311556/tools/compiler/bin/../lib/gcc/arm-none-eabi/6.3.1/../../../../arm-none-eabi/lib/thumb/v7-m/libc_nano.a(lib_a-strncpy.o)
                0x000000000800acd0                strncpy
 *fill*         0x000000000800acfa        0x2 
 .text.strtok   0x000000000800acfc       0x54 /home/user/Ac6/SystemWorkbench/plugins/fr.ac6.mcu.externaltools.arm-none.linux64_1.15.0.201708311556/tools/compiler/bin/../lib/gcc/arm-none-eabi/6.3.1/../../../../arm-none-eabi/lib/thumb/v7-m/libc_nano.a(lib_a-strtok.o)
                0x000000000800acfc                strtok
 .text.__strtok_r
                0x000000000800ad50       0x52 /home/user/Ac6/SystemWorkbench/plugins/fr.ac6.mcu.externaltools.arm-none.linux64_1.15.0.201708311556/tools/compiler/bin/../lib/gcc/arm-none-eabi/6.3.1/../../../../arm-none-eabi/lib/thumb/v7-m/libc_nano.a(lib_a-strtok_r.o)
                0x000000000800ad50                __strtok_r
 .text.__malloc_lock
                0x000000000800ada2        0x2 /home/user/Ac6/SystemWorkbench/plugins/fr.ac6.mcu.externaltools.arm-none.linux64_1.15.0.201708311556/tools/compiler/bin/../lib/gcc/arm-none-eabi/6.3.1/../../../../arm-none-eabi/lib/thumb/v7-m/libc_nano.a(lib_a-mlock.o)
                0x000000000800ada2                __malloc_lock
 .text.__malloc_unlock
                0x000000000800ada4        0x2 /home/user/Ac6/SystemWorkbench/plugins/fr.ac6.mcu.externaltools.arm-none.linux64_1.15.0.201708311556/tools/compiler/bin/../lib/gcc/arm-none-eabi/6.3.1/../../../../arm-none-eabi/lib/thumb/v7-m/libc_nano.a(lib_a-mlock.o)
                0x000000000800ada4                __malloc_unlock
 .text._realloc_r
                0x000000000800ada6       0x4c /home/user/Ac6/SystemWorkbench/plugins/fr.ac6.mcu.externaltools.arm-none.linux64_1.15.0.201708311556/tools/compiler/bin/../lib/gcc/arm-none-eabi/6.3.1/../../../../arm-none-eabi/lib/thumb/v7-m/libc_nano.a(lib_a-nano-reallocr.o)
                0x000000000800ada6                _realloc_r
 .text._malloc_usable_size_r
                0x000000000800adf2       0x12 /home/user/Ac6/SystemWorkbench/plugins/fr.ac6.mcu.externaltools.arm-none.linux64_1.15.0.201708311556/tools/compiler/bin/../lib/gcc/arm-none-eabi/6.3.1/../../../../arm-none-eabi/lib/thumb/v7-m/libc_nano.a(lib_a-nano-msizer.o)
                0x000000000800adf2                _malloc_usable_size_r
 .text._sbrk    0x000000000800ae04       0x1c /home/user/Ac6/SystemWorkbench/plugins/fr.ac6.mcu.externaltools.arm-none.linux64_1.15.0.201708311556/tools/compiler/bin/../lib/gcc/arm-none-eabi/6.3.1/../../../../arm-none-eabi/lib/thumb/v7-m/libnosys.a(sbrk.o)
                0x000000000800ae04                _sbrk
 *(.glue_7)
 .glue_7        0x000000000800ae20        0x0 linker stubs
 *(.glue_7t)
 .glue_7t       0x000000000800ae20        0x0 linker stubs
 *(.eh_frame)
 .eh_frame      0x000000000800ae20        0x0 /home/user/Ac6/SystemWorkbench/plugins/fr.ac6.mcu.externaltools.arm-none.linux64_1.15.0.201708311556/tools/compiler/bin/../lib/gcc/arm-none-eabi/6.3.1/thumb/v7-m/crtbegin.o
 *(.init)
 .init          0x000000000800ae20        0x4 /home/user/Ac6/SystemWorkbench/plugins/fr.ac6.mcu.externaltools.arm-none.linux64_1.15.0.201708311556/tools/compiler/bin/../lib/gcc/arm-none-eabi/6.3.1/thumb/v7-m/crti.o
                0x000000000800ae20                _init
 .init          0x000000000800ae24        0x8 /home/user/Ac6/SystemWorkbench/plugins/fr.ac6.mcu.externaltools.arm-none.linux64_1.15.0.201708311556/tools/compiler/bin/../lib/gcc/arm-none-eabi/6.3.1/thumb/v7-m/crtn.o
 *(.fini)
 .fini          0x000000000800ae2c        0x4 /home/user/Ac6/SystemWorkbench/plugins/fr.ac6.mcu.externaltools.arm-none.linux64_1.15.0.201708311556/tools/compiler/bin/../lib/gcc/arm-none-eabi/6.3.1/thumb/v7-m/crti.o
                0x000000000800ae2c                _fini
 .fini          0x000000000800ae30        0x8 /home/user/Ac6/SystemWorkbench/plugins/fr.ac6.mcu.externaltools.arm-none.linux64_1.15.0.201708311556/tools/compiler/bin/../lib/gcc/arm-none-eabi/6.3.1/thumb/v7-m/crtn.o
                0x000000000800ae38                . = ALIGN (0x4)
                0x000000000800ae38                _etext = .

.vfp11_veneer   0x000000000800ae38        0x0
 .vfp11_veneer  0x000000000800ae38        0x0 linker stubs

.v4_bx          0x000000000800ae38        0x0
 .v4_bx         0x000000000800ae38        0x0 linker stubs

.iplt           0x000000000800ae38        0x0
 .iplt          0x000000000800ae38        0x0 /home/user/Ac6/SystemWorkbench/plugins/fr.ac6.mcu.externaltools.arm-none.linux64_1.15.0.201708311556/tools/compiler/bin/../lib/gcc/arm-none-eabi/6.3.1/thumb/v7-m/crtbegin.o

.rodata         0x000000000800ae38     0x2770
                0x000000000800ae38                . = ALIGN (0x4)
 *(.rodata)
 .rodata        0x000000000800ae38        0x4 Drivers/LCD for STM32F103RET/tm_stm32_hd44780.o
 .rodata        0x000000000800ae3c       0x6a Drivers/STM32F10x_Speex_Lib/STM32/libspeex/filters.o
                0x000000000800ae7c                shift_filt
 *fill*         0x000000000800aea6        0x2 
 .rodata        0x000000000800aea8      0x100 Drivers/STM32F10x_Speex_Lib/STM32/libspeex/ltp.o
 .rodata        0x000000000800afa8      0x118 Drivers/STM32F10x_Speex_Lib/STM32/libspeex/modes.o
                0x000000000800afa8                speex_nb_mode
 .rodata        0x000000000800b0c0       0xda Drivers/STM32F10x_Speex_Lib/STM32/libspeex/nb_celp.o
                0x000000000800b0c0                attenuation
                0x000000000800b0d4                ol_gain_table
                0x000000000800b154                exc_gain_quant_scal1_bound
                0x000000000800b158                exc_gain_quant_scal1
                0x000000000800b17c                exc_gain_quant_scal3
                0x000000000800b18c                exc_gain_quant_scal3_bound
 *fill*         0x000000000800b19a        0x2 
 .rodata        0x000000000800b19c      0x140 Drivers/STM32F10x_Speex_Lib/libspeex/exc_10_32_table.o
                0x000000000800b19c                exc_10_32_table
 .rodata        0x000000000800b2dc       0x80 Drivers/STM32F10x_Speex_Lib/libspeex/gain_table_lbr.o
                0x000000000800b2dc                gain_cdbk_lbr
 .rodata        0x000000000800b35c      0x780 Drivers/STM32F10x_Speex_Lib/libspeex/lsp_tables_nb.o
                0x000000000800b35c                cdbk_nb_high2
                0x000000000800b49c                cdbk_nb_high1
                0x000000000800b5dc                cdbk_nb_low2
                0x000000000800b71c                cdbk_nb_low1
                0x000000000800b85c                cdbk_nb
 .rodata        0x000000000800badc      0x1a6 Drivers/STM32F10x_Speex_Lib/libspeex/window.o
                0x000000000800badc                lpc_window
                0x000000000800bc6c                lag_window
 *fill*         0x000000000800bc82        0x2 
 .rodata        0x000000000800bc84       0x12 Drivers/STM32F1xx_HAL_Driver/Src/stm32f1xx_hal_rcc.o
 *fill*         0x000000000800bc96        0x2 
 .rodata        0x000000000800bc98     0x177a Src/main.o
                0x000000000800c880                spx_voice2
                0x000000000800d410                spx_frames2
 *fill*         0x000000000800d412        0x2 
 .rodata        0x000000000800d414       0x18 Src/system_stm32f1xx.o
                0x000000000800d414                AHBPrescTable
                0x000000000800d424                APBPrescTable
 *(.rodata*)
 .rodata.str1.4
                0x000000000800d42c        0xb Drivers/STM32F10x_Speex_Lib/STM32/libspeex/modes.o
 *fill*         0x000000000800d437        0x1 
 .rodata.str1.4
                0x000000000800d438       0x4e Drivers/uart/conspeex.o
 *fill*         0x000000000800d486        0x2 
 .rodata.str1.4
                0x000000000800d488        0x5 Middlewares/Third_Party/FreeRTOS/Source/tasks.o
 *fill*         0x000000000800d48d        0x3 
 .rodata.str1.4
                0x000000000800d490       0x9c Src/main.o
 .rodata.str1.4
                0x000000000800d52c       0x1c Src/stm32f1xx_hal_msp.o
                                         0x1b (size before relaxing)
 .rodata.__sf_fake_stderr
                0x000000000800d548       0x20 /home/user/Ac6/SystemWorkbench/plugins/fr.ac6.mcu.externaltools.arm-none.linux64_1.15.0.201708311556/tools/compiler/bin/../lib/gcc/arm-none-eabi/6.3.1/../../../../arm-none-eabi/lib/thumb/v7-m/libc_nano.a(lib_a-findfp.o)
                0x000000000800d548                __sf_fake_stderr
 .rodata.__sf_fake_stdin
                0x000000000800d568       0x20 /home/user/Ac6/SystemWorkbench/plugins/fr.ac6.mcu.externaltools.arm-none.linux64_1.15.0.201708311556/tools/compiler/bin/../lib/gcc/arm-none-eabi/6.3.1/../../../../arm-none-eabi/lib/thumb/v7-m/libc_nano.a(lib_a-findfp.o)
                0x000000000800d568                __sf_fake_stdin
 .rodata.__sf_fake_stdout
                0x000000000800d588       0x20 /home/user/Ac6/SystemWorkbench/plugins/fr.ac6.mcu.externaltools.arm-none.linux64_1.15.0.201708311556/tools/compiler/bin/../lib/gcc/arm-none-eabi/6.3.1/../../../../arm-none-eabi/lib/thumb/v7-m/libc_nano.a(lib_a-findfp.o)
                0x000000000800d588                __sf_fake_stdout
                0x000000000800d5a8                . = ALIGN (0x4)

.rel.dyn        0x000000000800d5a8        0x0
 .rel.iplt      0x000000000800d5a8        0x0 /home/user/Ac6/SystemWorkbench/plugins/fr.ac6.mcu.externaltools.arm-none.linux64_1.15.0.201708311556/tools/compiler/bin/../lib/gcc/arm-none-eabi/6.3.1/thumb/v7-m/crtbegin.o

.ARM.extab
 *(.ARM.extab* .gnu.linkonce.armextab.*)

.ARM            0x000000000800d5a8        0x0
                0x000000000800d5a8                __exidx_start = .
 *(.ARM.exidx*)
                0x000000000800d5a8                __exidx_end = .

.preinit_array  0x000000000800d5a8        0x0
                0x000000000800d5a8                PROVIDE (__preinit_array_start, .)
 *(.preinit_array*)
                0x000000000800d5a8                PROVIDE (__preinit_array_end, .)

.init_array     0x000000000800d5a8        0x4
                0x000000000800d5a8                PROVIDE (__init_array_start, .)
 *(SORT(.init_array.*))
 *(.init_array*)
 .init_array    0x000000000800d5a8        0x4 /home/user/Ac6/SystemWorkbench/plugins/fr.ac6.mcu.externaltools.arm-none.linux64_1.15.0.201708311556/tools/compiler/bin/../lib/gcc/arm-none-eabi/6.3.1/thumb/v7-m/crtbegin.o
                0x000000000800d5ac                PROVIDE (__init_array_end, .)

.fini_array     0x000000000800d5ac        0x4
                [!provide]                        PROVIDE (__fini_array_start, .)
 *(SORT(.fini_array.*))
 *(.fini_array*)
 .fini_array    0x000000000800d5ac        0x4 /home/user/Ac6/SystemWorkbench/plugins/fr.ac6.mcu.externaltools.arm-none.linux64_1.15.0.201708311556/tools/compiler/bin/../lib/gcc/arm-none-eabi/6.3.1/thumb/v7-m/crtbegin.o
                [!provide]                        PROVIDE (__fini_array_end, .)
                0x000000000800d5b0                _sidata = LOADADDR (.data)

.data           0x0000000020000000     0x1284 load address 0x000000000800d5b0
                0x0000000020000000                . = ALIGN (0x4)
                0x0000000020000000                _sdata = .
 *(.data)
 .data          0x0000000020000000        0x4 Middlewares/Third_Party/FreeRTOS/Source/portable/GCC/ARM_CM3/port.o
 .data          0x0000000020000004     0x1217 Src/main.o
                0x0000000020000004                max7219DigitRegisters
                0x0000000020000014                enh
                0x0000000020000018                outBuff
                0x000000002000001c                addressDes
                0x0000000020000020                eightbit
                0x000000002000091c                complexity
                0x0000000020000920                quality
                0x0000000020000924                rainbow
 *fill*         0x000000002000121b        0x1 
 .data          0x000000002000121c        0x4 Src/system_stm32f1xx.o
                0x000000002000121c                SystemCoreClock
 *(.data*)
 .data._impure_ptr
                0x0000000020001220        0x4 /home/user/Ac6/SystemWorkbench/plugins/fr.ac6.mcu.externaltools.arm-none.linux64_1.15.0.201708311556/tools/compiler/bin/../lib/gcc/arm-none-eabi/6.3.1/../../../../arm-none-eabi/lib/thumb/v7-m/libc_nano.a(lib_a-impure.o)
                0x0000000020001220                _impure_ptr
 .data.impure_data
                0x0000000020001224       0x60 /home/user/Ac6/SystemWorkbench/plugins/fr.ac6.mcu.externaltools.arm-none.linux64_1.15.0.201708311556/tools/compiler/bin/../lib/gcc/arm-none-eabi/6.3.1/../../../../arm-none-eabi/lib/thumb/v7-m/libc_nano.a(lib_a-impure.o)
                0x0000000020001284                . = ALIGN (0x4)
                0x0000000020001284                _edata = .

.jcr            0x0000000020001284        0x0 load address 0x000000000800e834
 .jcr           0x0000000020001284        0x0 /home/user/Ac6/SystemWorkbench/plugins/fr.ac6.mcu.externaltools.arm-none.linux64_1.15.0.201708311556/tools/compiler/bin/../lib/gcc/arm-none-eabi/6.3.1/thumb/v7-m/crtbegin.o

.igot.plt       0x0000000020001284        0x0 load address 0x000000000800e834
 .igot.plt      0x0000000020001284        0x0 /home/user/Ac6/SystemWorkbench/plugins/fr.ac6.mcu.externaltools.arm-none.linux64_1.15.0.201708311556/tools/compiler/bin/../lib/gcc/arm-none-eabi/6.3.1/thumb/v7-m/crtbegin.o
                0x0000000020001284                . = ALIGN (0x4)

.bss            0x0000000020001288      0x7f8 load address 0x000000000800e834
                0x0000000020001288                _sbss = .
                0x0000000020001288                __bss_start__ = _sbss
 *(.bss)
 .bss           0x0000000020001288       0x1c /home/user/Ac6/SystemWorkbench/plugins/fr.ac6.mcu.externaltools.arm-none.linux64_1.15.0.201708311556/tools/compiler/bin/../lib/gcc/arm-none-eabi/6.3.1/thumb/v7-m/crtbegin.o
 .bss           0x00000000200012a4       0x20 Drivers/LCD for STM32F103RET/tm_stm32_delay.o
                0x00000000200012bc                TM_Time
                0x00000000200012c0                TM_Time2
 .bss           0x00000000200012c4        0x7 Drivers/LCD for STM32F103RET/tm_stm32_hd44780.o
 *fill*         0x00000000200012cb        0x1 
 .bss           0x00000000200012cc      0x12c Middlewares/Third_Party/FreeRTOS/Source/tasks.o
                0x00000000200013cc                pxCurrentTCB
 .bss           0x00000000200013f8        0x8 Middlewares/Third_Party/FreeRTOS/Source/portable/GCC/ARM_CM3/port.o
 .bss           0x0000000020001400        0xc Src/main.o
                0x0000000020001400                nbFrames
                0x0000000020001402                firstErase
                0x0000000020001403                pageNum
                0x0000000020001404                quantityAudio
                0x0000000020001408                vbr
 *(.bss*)
 .bss.__malloc_free_list
                0x000000002000140c        0x4 /home/user/Ac6/SystemWorkbench/plugins/fr.ac6.mcu.externaltools.arm-none.linux64_1.15.0.201708311556/tools/compiler/bin/../lib/gcc/arm-none-eabi/6.3.1/../../../../arm-none-eabi/lib/thumb/v7-m/libc_nano.a(lib_a-nano-mallocr.o)
                0x000000002000140c                __malloc_free_list
 .bss.__malloc_sbrk_start
                0x0000000020001410        0x4 /home/user/Ac6/SystemWorkbench/plugins/fr.ac6.mcu.externaltools.arm-none.linux64_1.15.0.201708311556/tools/compiler/bin/../lib/gcc/arm-none-eabi/6.3.1/../../../../arm-none-eabi/lib/thumb/v7-m/libc_nano.a(lib_a-nano-mallocr.o)
                0x0000000020001410                __malloc_sbrk_start
 .bss.heap_end.4116
                0x0000000020001414        0x4 /home/user/Ac6/SystemWorkbench/plugins/fr.ac6.mcu.externaltools.arm-none.linux64_1.15.0.201708311556/tools/compiler/bin/../lib/gcc/arm-none-eabi/6.3.1/../../../../arm-none-eabi/lib/thumb/v7-m/libnosys.a(sbrk.o)
 *(COMMON)
 COMMON         0x0000000020001418       0x20 Drivers/STM32F1xx_HAL_Driver/Src/stm32f1xx_hal_flash.o
                0x0000000020001418                pFlash
 COMMON         0x0000000020001438       0x68 Drivers/uart/conspeex.o
                0x0000000020001438                buffer
                0x000000002000149c                UINTBUFFER
 COMMON         0x00000000200014a0      0x599 Src/main.o
                0x00000000200014a0                encState
                0x00000000200014a4                formalSizeText2
                0x00000000200014a8                sizeText2
                0x00000000200014ac                hspi2
                0x0000000020001504                RGBws2812bHandle
                0x0000000020001508                AdminLaunchHandle
                0x000000002000150c                demoModeStatus
                0x0000000020001510                bits
                0x0000000020001534                textMessage2
                0x000000002000155c                AudioMessageHandle
                0x0000000020001560                LEDmatrixHandle
                0x0000000020001564                htim3
                0x00000000200015a4                state
                0x00000000200015a8                updateModeStatus
                0x00000000200015ac                sizeSpeex
                0x00000000200015b0                decState
                0x00000000200015b4                hdac
                0x00000000200015c8                allDataSize
                0x00000000200015cc                LCDHandle
                0x00000000200015d0                rusText
                0x0000000020001614                hdma_tim3_ch1_trig
                0x0000000020001658                USARTHandle
                0x000000002000165c                htim6
                0x000000002000169c                ButtonHandle
                0x00000000200016a0                outBuffer
                0x0000000020001920                formalSizeText1
                0x0000000020001924                huart2
                0x0000000020001964                sizeText1
                0x0000000020001968                LED_BYTE_Buffer
                0x00000000200019f8                textMessage1
                0x0000000020001a20                startDecoding
                0x0000000020001a24                inputBytes
                0x0000000020001a38                buttonStatus
 *fill*         0x0000000020001a39        0x3 
 COMMON         0x0000000020001a3c       0x40 Src/stm32f1xx_hal_timebase_TIM.o
                0x0000000020001a3c                htim2
 COMMON         0x0000000020001a7c        0x4 /home/user/Ac6/SystemWorkbench/plugins/fr.ac6.mcu.externaltools.arm-none.linux64_1.15.0.201708311556/tools/compiler/bin/../lib/gcc/arm-none-eabi/6.3.1/../../../../arm-none-eabi/lib/thumb/v7-m/libc_nano.a(lib_a-reent.o)
                0x0000000020001a7c                errno
                0x0000000020001a80                . = ALIGN (0x4)
                0x0000000020001a80                _ebss = .
                0x0000000020001a80                __bss_end__ = _ebss

._user_heap_stack
                0x0000000020001a80     0x6000 load address 0x000000000800e834
                0x0000000020001a80                . = ALIGN (0x8)
                0x0000000020001a80                PROVIDE (end, .)
                [!provide]                        PROVIDE (_end, .)
                0x0000000020003a80                . = (. + _Min_Heap_Size)
 *fill*         0x0000000020001a80     0x2000 
                0x0000000020007a80                . = (. + _Min_Stack_Size)
 *fill*         0x0000000020003a80     0x4000 
                0x0000000020007a80                . = ALIGN (0x8)

/DISCARD/
 libc.a(*)
 libm.a(*)
 libgcc.a(*)

.ARM.attributes
                0x0000000000000000       0x29
 *(.ARM.attributes)
 .ARM.attributes
                0x0000000000000000       0x1d /home/user/Ac6/SystemWorkbench/plugins/fr.ac6.mcu.externaltools.arm-none.linux64_1.15.0.201708311556/tools/compiler/bin/../lib/gcc/arm-none-eabi/6.3.1/thumb/v7-m/crti.o
 .ARM.attributes
                0x000000000000001d       0x2d /home/user/Ac6/SystemWorkbench/plugins/fr.ac6.mcu.externaltools.arm-none.linux64_1.15.0.201708311556/tools/compiler/bin/../lib/gcc/arm-none-eabi/6.3.1/thumb/v7-m/crtbegin.o
 .ARM.attributes
                0x000000000000004a       0x33 Drivers/LCD for STM32F103RET/tm_stm32_delay.o
 .ARM.attributes
                0x000000000000007d       0x33 Drivers/LCD for STM32F103RET/tm_stm32_hd44780.o
 .ARM.attributes
                0x00000000000000b0       0x33 Drivers/STM32F10x_Speex_Lib/STM32/libspeex/cb_search.o
 .ARM.attributes
                0x00000000000000e3       0x33 Drivers/STM32F10x_Speex_Lib/STM32/libspeex/filters.o
 .ARM.attributes
                0x0000000000000116       0x33 Drivers/STM32F10x_Speex_Lib/STM32/libspeex/ltp.o
 .ARM.attributes
                0x0000000000000149       0x33 Drivers/STM32F10x_Speex_Lib/STM32/libspeex/modes.o
 .ARM.attributes
                0x000000000000017c       0x33 Drivers/STM32F10x_Speex_Lib/STM32/libspeex/nb_celp.o
 .ARM.attributes
                0x00000000000001af       0x33 Drivers/STM32F10x_Speex_Lib/STM32/libspeex/quant_lsp.o
 .ARM.attributes
                0x00000000000001e2       0x33 Drivers/STM32F10x_Speex_Lib/STM32/libspeex/vq.o
 .ARM.attributes
                0x0000000000000215       0x21 Drivers/STM32F10x_Speex_Lib/STM32/libspeex/gcc/filters_cortexM3.o
 .ARM.attributes
                0x0000000000000236       0x21 Drivers/STM32F10x_Speex_Lib/STM32/libspeex/gcc/ltp_cortexM3.o
 .ARM.attributes
                0x0000000000000257       0x21 Drivers/STM32F10x_Speex_Lib/STM32/libspeex/gcc/vq_cortexm3.o
 .ARM.attributes
                0x0000000000000278       0x33 Drivers/STM32F10x_Speex_Lib/libspeex/bits.o
 .ARM.attributes
                0x00000000000002ab       0x33 Drivers/STM32F10x_Speex_Lib/libspeex/exc_10_32_table.o
 .ARM.attributes
                0x00000000000002de       0x33 Drivers/STM32F10x_Speex_Lib/libspeex/gain_table_lbr.o
 .ARM.attributes
                0x0000000000000311       0x33 Drivers/STM32F10x_Speex_Lib/libspeex/lpc.o
 .ARM.attributes
                0x0000000000000344       0x33 Drivers/STM32F10x_Speex_Lib/libspeex/lsp.o
 .ARM.attributes
                0x0000000000000377       0x33 Drivers/STM32F10x_Speex_Lib/libspeex/lsp_tables_nb.o
 .ARM.attributes
                0x00000000000003aa       0x33 Drivers/STM32F10x_Speex_Lib/libspeex/speex.o
 .ARM.attributes
                0x00000000000003dd       0x33 Drivers/STM32F10x_Speex_Lib/libspeex/speex_callbacks.o
 .ARM.attributes
                0x0000000000000410       0x33 Drivers/STM32F10x_Speex_Lib/libspeex/window.o
 .ARM.attributes
                0x0000000000000443       0x33 Drivers/STM32F1xx_HAL_Driver/Src/stm32f1xx_hal.o
 .ARM.attributes
                0x0000000000000476       0x33 Drivers/STM32F1xx_HAL_Driver/Src/stm32f1xx_hal_cortex.o
 .ARM.attributes
                0x00000000000004a9       0x33 Drivers/STM32F1xx_HAL_Driver/Src/stm32f1xx_hal_dac.o
 .ARM.attributes
                0x00000000000004dc       0x33 Drivers/STM32F1xx_HAL_Driver/Src/stm32f1xx_hal_dma.o
 .ARM.attributes
                0x000000000000050f       0x33 Drivers/STM32F1xx_HAL_Driver/Src/stm32f1xx_hal_flash.o
 .ARM.attributes
                0x0000000000000542       0x33 Drivers/STM32F1xx_HAL_Driver/Src/stm32f1xx_hal_flash_ex.o
 .ARM.attributes
                0x0000000000000575       0x33 Drivers/STM32F1xx_HAL_Driver/Src/stm32f1xx_hal_gpio.o
 .ARM.attributes
                0x00000000000005a8       0x33 Drivers/STM32F1xx_HAL_Driver/Src/stm32f1xx_hal_rcc.o
 .ARM.attributes
                0x00000000000005db       0x33 Drivers/STM32F1xx_HAL_Driver/Src/stm32f1xx_hal_spi.o
 .ARM.attributes
                0x000000000000060e       0x33 Drivers/STM32F1xx_HAL_Driver/Src/stm32f1xx_hal_spi_ex.o
 .ARM.attributes
                0x0000000000000641       0x33 Drivers/STM32F1xx_HAL_Driver/Src/stm32f1xx_hal_tim.o
 .ARM.attributes
                0x0000000000000674       0x33 Drivers/STM32F1xx_HAL_Driver/Src/stm32f1xx_hal_tim_ex.o
 .ARM.attributes
                0x00000000000006a7       0x33 Drivers/STM32F1xx_HAL_Driver/Src/stm32f1xx_hal_uart.o
 .ARM.attributes
                0x00000000000006da       0x33 Drivers/uart/conspeex.o
 .ARM.attributes
                0x000000000000070d       0x33 Middlewares/Third_Party/FreeRTOS/Source/CMSIS_RTOS/cmsis_os.o
 .ARM.attributes
                0x0000000000000740       0x33 Middlewares/Third_Party/FreeRTOS/Source/list.o
 .ARM.attributes
                0x0000000000000773       0x33 Middlewares/Third_Party/FreeRTOS/Source/tasks.o
 .ARM.attributes
                0x00000000000007a6       0x33 Middlewares/Third_Party/FreeRTOS/Source/portable/GCC/ARM_CM3/port.o
 .ARM.attributes
                0x00000000000007d9       0x33 Middlewares/Third_Party/FreeRTOS/Source/portable/MemMang/heap_3.o
 .ARM.attributes
                0x000000000000080c       0x33 Src/main.o
 .ARM.attributes
                0x000000000000083f       0x33 Src/stm32f1xx_hal_msp.o
 .ARM.attributes
                0x0000000000000872       0x33 Src/stm32f1xx_hal_timebase_TIM.o
 .ARM.attributes
                0x00000000000008a5       0x33 Src/stm32f1xx_it.o
 .ARM.attributes
                0x00000000000008d8       0x33 Src/system_stm32f1xx.o
 .ARM.attributes
                0x000000000000090b       0x21 startup/startup_stm32f103xe.o
 .ARM.attributes
                0x000000000000092c       0x2d /home/user/Ac6/SystemWorkbench/plugins/fr.ac6.mcu.externaltools.arm-none.linux64_1.15.0.201708311556/tools/compiler/bin/../lib/gcc/arm-none-eabi/6.3.1/../../../../arm-none-eabi/lib/thumb/v7-m/libc_nano.a(lib_a-calloc.o)
 .ARM.attributes
                0x0000000000000959       0x2d /home/user/Ac6/SystemWorkbench/plugins/fr.ac6.mcu.externaltools.arm-none.linux64_1.15.0.201708311556/tools/compiler/bin/../lib/gcc/arm-none-eabi/6.3.1/../../../../arm-none-eabi/lib/thumb/v7-m/libc_nano.a(lib_a-impure.o)
 .ARM.attributes
                0x0000000000000986       0x2d /home/user/Ac6/SystemWorkbench/plugins/fr.ac6.mcu.externaltools.arm-none.linux64_1.15.0.201708311556/tools/compiler/bin/../lib/gcc/arm-none-eabi/6.3.1/../../../../arm-none-eabi/lib/thumb/v7-m/libc_nano.a(lib_a-init.o)
 .ARM.attributes
                0x00000000000009b3       0x2d /home/user/Ac6/SystemWorkbench/plugins/fr.ac6.mcu.externaltools.arm-none.linux64_1.15.0.201708311556/tools/compiler/bin/../lib/gcc/arm-none-eabi/6.3.1/../../../../arm-none-eabi/lib/thumb/v7-m/libc_nano.a(lib_a-malloc.o)
 .ARM.attributes
                0x00000000000009e0       0x2d /home/user/Ac6/SystemWorkbench/plugins/fr.ac6.mcu.externaltools.arm-none.linux64_1.15.0.201708311556/tools/compiler/bin/../lib/gcc/arm-none-eabi/6.3.1/../../../../arm-none-eabi/lib/thumb/v7-m/libc_nano.a(lib_a-memcpy-stub.o)
 .ARM.attributes
                0x0000000000000a0d       0x2d /home/user/Ac6/SystemWorkbench/plugins/fr.ac6.mcu.externaltools.arm-none.linux64_1.15.0.201708311556/tools/compiler/bin/../lib/gcc/arm-none-eabi/6.3.1/../../../../arm-none-eabi/lib/thumb/v7-m/libc_nano.a(lib_a-memmove.o)
 .ARM.attributes
                0x0000000000000a3a       0x2d /home/user/Ac6/SystemWorkbench/plugins/fr.ac6.mcu.externaltools.arm-none.linux64_1.15.0.201708311556/tools/compiler/bin/../lib/gcc/arm-none-eabi/6.3.1/../../../../arm-none-eabi/lib/thumb/v7-m/libc_nano.a(lib_a-memset.o)
 .ARM.attributes
                0x0000000000000a67       0x2d /home/user/Ac6/SystemWorkbench/plugins/fr.ac6.mcu.externaltools.arm-none.linux64_1.15.0.201708311556/tools/compiler/bin/../lib/gcc/arm-none-eabi/6.3.1/../../../../arm-none-eabi/lib/thumb/v7-m/libc_nano.a(lib_a-nano-callocr.o)
 .ARM.attributes
                0x0000000000000a94       0x2d /home/user/Ac6/SystemWorkbench/plugins/fr.ac6.mcu.externaltools.arm-none.linux64_1.15.0.201708311556/tools/compiler/bin/../lib/gcc/arm-none-eabi/6.3.1/../../../../arm-none-eabi/lib/thumb/v7-m/libc_nano.a(lib_a-nano-freer.o)
 .ARM.attributes
                0x0000000000000ac1       0x2d /home/user/Ac6/SystemWorkbench/plugins/fr.ac6.mcu.externaltools.arm-none.linux64_1.15.0.201708311556/tools/compiler/bin/../lib/gcc/arm-none-eabi/6.3.1/../../../../arm-none-eabi/lib/thumb/v7-m/libc_nano.a(lib_a-nano-mallocr.o)
 .ARM.attributes
                0x0000000000000aee       0x2d /home/user/Ac6/SystemWorkbench/plugins/fr.ac6.mcu.externaltools.arm-none.linux64_1.15.0.201708311556/tools/compiler/bin/../lib/gcc/arm-none-eabi/6.3.1/../../../../arm-none-eabi/lib/thumb/v7-m/libc_nano.a(lib_a-realloc.o)
 .ARM.attributes
                0x0000000000000b1b       0x2d /home/user/Ac6/SystemWorkbench/plugins/fr.ac6.mcu.externaltools.arm-none.linux64_1.15.0.201708311556/tools/compiler/bin/../lib/gcc/arm-none-eabi/6.3.1/../../../../arm-none-eabi/lib/thumb/v7-m/libc_nano.a(lib_a-sbrkr.o)
 .ARM.attributes
                0x0000000000000b48       0x2d /home/user/Ac6/SystemWorkbench/plugins/fr.ac6.mcu.externaltools.arm-none.linux64_1.15.0.201708311556/tools/compiler/bin/../lib/gcc/arm-none-eabi/6.3.1/../../../../arm-none-eabi/lib/thumb/v7-m/libc_nano.a(lib_a-strcpy.o)
 .ARM.attributes
                0x0000000000000b75       0x17 /home/user/Ac6/SystemWorkbench/plugins/fr.ac6.mcu.externaltools.arm-none.linux64_1.15.0.201708311556/tools/compiler/bin/../lib/gcc/arm-none-eabi/6.3.1/../../../../arm-none-eabi/lib/thumb/v7-m/libc_nano.a(lib_a-strlen.o)
 .ARM.attributes
                0x0000000000000b8c       0x2d /home/user/Ac6/SystemWorkbench/plugins/fr.ac6.mcu.externaltools.arm-none.linux64_1.15.0.201708311556/tools/compiler/bin/../lib/gcc/arm-none-eabi/6.3.1/../../../../arm-none-eabi/lib/thumb/v7-m/libc_nano.a(lib_a-strncat.o)
 .ARM.attributes
                0x0000000000000bb9       0x2d /home/user/Ac6/SystemWorkbench/plugins/fr.ac6.mcu.externaltools.arm-none.linux64_1.15.0.201708311556/tools/compiler/bin/../lib/gcc/arm-none-eabi/6.3.1/../../../../arm-none-eabi/lib/thumb/v7-m/libc_nano.a(lib_a-strncmp.o)
 .ARM.attributes
                0x0000000000000be6       0x2d /home/user/Ac6/SystemWorkbench/plugins/fr.ac6.mcu.externaltools.arm-none.linux64_1.15.0.201708311556/tools/compiler/bin/../lib/gcc/arm-none-eabi/6.3.1/../../../../arm-none-eabi/lib/thumb/v7-m/libc_nano.a(lib_a-strncpy.o)
 .ARM.attributes
                0x0000000000000c13       0x2d /home/user/Ac6/SystemWorkbench/plugins/fr.ac6.mcu.externaltools.arm-none.linux64_1.15.0.201708311556/tools/compiler/bin/../lib/gcc/arm-none-eabi/6.3.1/../../../../arm-none-eabi/lib/thumb/v7-m/libc_nano.a(lib_a-strtok.o)
 .ARM.attributes
                0x0000000000000c40       0x2d /home/user/Ac6/SystemWorkbench/plugins/fr.ac6.mcu.externaltools.arm-none.linux64_1.15.0.201708311556/tools/compiler/bin/../lib/gcc/arm-none-eabi/6.3.1/../../../../arm-none-eabi/lib/thumb/v7-m/libc_nano.a(lib_a-strtok_r.o)
 .ARM.attributes
                0x0000000000000c6d       0x2d /home/user/Ac6/SystemWorkbench/plugins/fr.ac6.mcu.externaltools.arm-none.linux64_1.15.0.201708311556/tools/compiler/bin/../lib/gcc/arm-none-eabi/6.3.1/../../../../arm-none-eabi/lib/thumb/v7-m/libc_nano.a(lib_a-findfp.o)
 .ARM.attributes
                0x0000000000000c9a       0x2d /home/user/Ac6/SystemWorkbench/plugins/fr.ac6.mcu.externaltools.arm-none.linux64_1.15.0.201708311556/tools/compiler/bin/../lib/gcc/arm-none-eabi/6.3.1/../../../../arm-none-eabi/lib/thumb/v7-m/libc_nano.a(lib_a-mlock.o)
 .ARM.attributes
                0x0000000000000cc7       0x2d /home/user/Ac6/SystemWorkbench/plugins/fr.ac6.mcu.externaltools.arm-none.linux64_1.15.0.201708311556/tools/compiler/bin/../lib/gcc/arm-none-eabi/6.3.1/../../../../arm-none-eabi/lib/thumb/v7-m/libc_nano.a(lib_a-nano-reallocr.o)
 .ARM.attributes
                0x0000000000000cf4       0x2d /home/user/Ac6/SystemWorkbench/plugins/fr.ac6.mcu.externaltools.arm-none.linux64_1.15.0.201708311556/tools/compiler/bin/../lib/gcc/arm-none-eabi/6.3.1/../../../../arm-none-eabi/lib/thumb/v7-m/libc_nano.a(lib_a-reent.o)
 .ARM.attributes
                0x0000000000000d21       0x2d /home/user/Ac6/SystemWorkbench/plugins/fr.ac6.mcu.externaltools.arm-none.linux64_1.15.0.201708311556/tools/compiler/bin/../lib/gcc/arm-none-eabi/6.3.1/../../../../arm-none-eabi/lib/thumb/v7-m/libc_nano.a(lib_a-nano-msizer.o)
 .ARM.attributes
                0x0000000000000d4e       0x2d /home/user/Ac6/SystemWorkbench/plugins/fr.ac6.mcu.externaltools.arm-none.linux64_1.15.0.201708311556/tools/compiler/bin/../lib/gcc/arm-none-eabi/6.3.1/../../../../arm-none-eabi/lib/thumb/v7-m/libnosys.a(sbrk.o)
 .ARM.attributes
                0x0000000000000d7b       0x1d /home/user/Ac6/SystemWorkbench/plugins/fr.ac6.mcu.externaltools.arm-none.linux64_1.15.0.201708311556/tools/compiler/bin/../lib/gcc/arm-none-eabi/6.3.1/thumb/v7-m/crtn.o
OUTPUT(CupRTC_v4.0.elf elf32-littlearm)

.debug_info     0x0000000000000000    0x34a57
 .debug_info    0x0000000000000000      0xfb7 Drivers/LCD for STM32F103RET/tm_stm32_delay.o
 .debug_info    0x0000000000000fb7     0x1465 Drivers/LCD for STM32F103RET/tm_stm32_hd44780.o
 .debug_info    0x000000000000241c     0x11c5 Drivers/STM32F10x_Speex_Lib/STM32/libspeex/cb_search.o
 .debug_info    0x00000000000035e1     0x1b81 Drivers/STM32F10x_Speex_Lib/STM32/libspeex/filters.o
 .debug_info    0x0000000000005162     0x1d64 Drivers/STM32F10x_Speex_Lib/STM32/libspeex/ltp.o
 .debug_info    0x0000000000006ec6     0x1179 Drivers/STM32F10x_Speex_Lib/STM32/libspeex/modes.o
 .debug_info    0x000000000000803f     0x3971 Drivers/STM32F10x_Speex_Lib/STM32/libspeex/nb_celp.o
 .debug_info    0x000000000000b9b0     0x12a3 Drivers/STM32F10x_Speex_Lib/STM32/libspeex/quant_lsp.o
 .debug_info    0x000000000000cc53      0x232 Drivers/STM32F10x_Speex_Lib/STM32/libspeex/vq.o
 .debug_info    0x000000000000ce85       0x99 Drivers/STM32F10x_Speex_Lib/STM32/libspeex/gcc/filters_cortexM3.o
 .debug_info    0x000000000000cf1e       0x95 Drivers/STM32F10x_Speex_Lib/STM32/libspeex/gcc/ltp_cortexM3.o
 .debug_info    0x000000000000cfb3       0x94 Drivers/STM32F10x_Speex_Lib/STM32/libspeex/gcc/vq_cortexm3.o
 .debug_info    0x000000000000d047     0x1103 Drivers/STM32F10x_Speex_Lib/libspeex/bits.o
 .debug_info    0x000000000000e14a       0x5c Drivers/STM32F10x_Speex_Lib/libspeex/exc_10_32_table.o
 .debug_info    0x000000000000e1a6       0x5b Drivers/STM32F10x_Speex_Lib/libspeex/gain_table_lbr.o
 .debug_info    0x000000000000e201      0x1d4 Drivers/STM32F10x_Speex_Lib/libspeex/lpc.o
 .debug_info    0x000000000000e3d5     0x1058 Drivers/STM32F10x_Speex_Lib/libspeex/lsp.o